Component: ARM Compiler 5.06 update 6 (build 750) Tool: armlink [4d35ed]

==============================================================================

Section Cross References

    main.o(i.Display_function) refers to _printf_percent.o(.ARM.Collect$$_printf_percent$$00000000) for _printf_percent
    main.o(i.Display_function) refers to _printf_d.o(.ARM.Collect$$_printf_percent$$00000009) for _printf_d
    main.o(i.Display_function) refers to _printf_dec.o(.text) for _printf_int_dec
    main.o(i.Display_function) refers to oled.o(i.Oled_ShowCHinese) for Oled_ShowCHinese
    main.o(i.Display_function) refers to __2sprintf.o(.text) for __2sprintf
    main.o(i.Display_function) refers to oled.o(i.Oled_ShowString) for Oled_ShowString
    main.o(i.Display_function) refers to main.o(.data) for temp_low
    main.o(i.Display_function) refers to main.o(.bss) for display_buf
    main.o(i.Manage_function) refers to _scanf_int.o(.text) for _scanf_int
    main.o(i.Manage_function) refers to scanf1.o(x$fpl$scanf1) for _scanf_real
    main.o(i.Manage_function) refers to main.o(i.USART1_WaitRecive) for USART1_WaitRecive
    main.o(i.Manage_function) refers to strstr.o(.text) for strstr
    main.o(i.Manage_function) refers to __0sscanf.o(.text) for __0sscanf
    main.o(i.Manage_function) refers to ffix.o(x$fpl$ffix) for __aeabi_f2iz
    main.o(i.Manage_function) refers to fflt_clz.o(x$fpl$fflt) for __aeabi_i2f
    main.o(i.Manage_function) refers to faddsub_clz.o(x$fpl$frsb) for __aeabi_frsub
    main.o(i.Manage_function) refers to fmul.o(x$fpl$fmul) for __aeabi_fmul
    main.o(i.Manage_function) refers to gpio.o(i.Set_Fan_Relay) for Set_Fan_Relay
    main.o(i.Manage_function) refers to main.o(i.Usart_SendString) for Usart_SendString
    main.o(i.Manage_function) refers to gpio.o(i.Set_Humidifier) for Set_Humidifier
    main.o(i.Manage_function) refers to gpio.o(i.Set_Light) for Set_Light
    main.o(i.Manage_function) refers to gpio.o(i.Set_Buzzer) for Set_Buzzer
    main.o(i.Manage_function) refers to gpio.o(i.Set_AC_Cool) for Set_AC_Cool
    main.o(i.Manage_function) refers to gpio.o(i.Set_AC_Heat) for Set_AC_Heat
    main.o(i.Manage_function) refers to rt_memclr.o(.text) for __aeabi_memclr
    main.o(i.Manage_function) refers to main.o(i.USART1_Clear) for USART1_Clear
    main.o(i.Manage_function) refers to main.o(i.handle_auto_mode) for handle_auto_mode
    main.o(i.Manage_function) refers to main.o(.bss) for usart1_buf
    main.o(i.Manage_function) refers to main.o(.data) for smoke
    main.o(i.USART1_Clear) refers to rt_memclr.o(.text) for __aeabi_memclr
    main.o(i.USART1_Clear) refers to main.o(.bss) for usart1_buf
    main.o(i.USART1_Clear) refers to main.o(.data) for usart1_cnt
    main.o(i.USART1_IRQHandler) refers to stm32f10x_usart.o(i.USART_GetITStatus) for USART_GetITStatus
    main.o(i.USART1_IRQHandler) refers to stm32f10x_usart.o(i.USART_ClearFlag) for USART_ClearFlag
    main.o(i.USART1_IRQHandler) refers to main.o(.data) for usart1_cnt
    main.o(i.USART1_IRQHandler) refers to main.o(.bss) for usart1_buf
    main.o(i.USART1_WaitRecive) refers to main.o(.data) for usart1_cnt
    main.o(i.USART2_Clear) refers to rt_memclr.o(.text) for __aeabi_memclr
    main.o(i.USART2_Clear) refers to main.o(.bss) for usart2_buf
    main.o(i.USART2_Clear) refers to main.o(.data) for usart2_cnt
    main.o(i.USART2_IRQHandler) refers to stm32f10x_usart.o(i.USART_GetITStatus) for USART_GetITStatus
    main.o(i.USART2_IRQHandler) refers to stm32f10x_usart.o(i.USART_ClearFlag) for USART_ClearFlag
    main.o(i.USART2_IRQHandler) refers to main.o(.data) for usart2_cnt
    main.o(i.USART2_IRQHandler) refers to main.o(.bss) for usart2_buf
    main.o(i.USART2_WaitRecive) refers to main.o(.data) for usart2_cnt
    main.o(i.Usart1_Init) refers to stm32f10x_rcc.o(i.RCC_APB2PeriphClockCmd) for RCC_APB2PeriphClockCmd
    main.o(i.Usart1_Init) refers to stm32f10x_gpio.o(i.GPIO_Init) for GPIO_Init
    main.o(i.Usart1_Init) refers to misc.o(i.NVIC_Init) for NVIC_Init
    main.o(i.Usart1_Init) refers to stm32f10x_usart.o(i.USART_Init) for USART_Init
    main.o(i.Usart1_Init) refers to stm32f10x_usart.o(i.USART_ITConfig) for USART_ITConfig
    main.o(i.Usart1_Init) refers to stm32f10x_usart.o(i.USART_Cmd) for USART_Cmd
    main.o(i.Usart2_Init) refers to stm32f10x_rcc.o(i.RCC_APB2PeriphClockCmd) for RCC_APB2PeriphClockCmd
    main.o(i.Usart2_Init) refers to stm32f10x_rcc.o(i.RCC_APB1PeriphClockCmd) for RCC_APB1PeriphClockCmd
    main.o(i.Usart2_Init) refers to stm32f10x_gpio.o(i.GPIO_Init) for GPIO_Init
    main.o(i.Usart2_Init) refers to misc.o(i.NVIC_Init) for NVIC_Init
    main.o(i.Usart2_Init) refers to stm32f10x_usart.o(i.USART_Init) for USART_Init
    main.o(i.Usart2_Init) refers to stm32f10x_usart.o(i.USART_ITConfig) for USART_ITConfig
    main.o(i.Usart2_Init) refers to stm32f10x_usart.o(i.USART_Cmd) for USART_Cmd
    main.o(i.UsartPrintf) refers to c89vsnprintf.o(.text) for __c89vsnprintf
[...]
    ..\STM32F10x_FWLib\src\stm32f10x_pwr.c   0x00000000   Number         0  stm32f10x_pwr.o ABSOLUTE
    ..\STM32F10x_FWLib\src\stm32f10x_rcc.c   0x00000000   Number         0  stm32f10x_rcc.o ABSOLUTE
    ..\STM32F10x_FWLib\src\stm32f10x_rtc.c   0x00000000   Number         0  stm32f10x_rtc.o ABSOLUTE
    ..\STM32F10x_FWLib\src\stm32f10x_sdio.c  0x00000000   Number         0  stm32f10x_sdio.o ABSOLUTE
    ..\STM32F10x_FWLib\src\stm32f10x_spi.c   0x00000000   Number         0  stm32f10x_spi.o ABSOLUTE
    ..\STM32F10x_FWLib\src\stm32f10x_tim.c   0x00000000   Number         0  stm32f10x_tim.o ABSOLUTE
    ..\STM32F10x_FWLib\src\stm32f10x_usart.c 0x00000000   Number         0  stm32f10x_usart.o ABSOLUTE
    ..\SYSTEM\delay\delay.c                  0x00000000   Number         0  delay.o ABSOLUTE
    ..\SYSTEM\sys\sys.c                      0x00000000   Number         0  sys.o ABSOLUTE
    ..\\CORE\\core_cm3.c                     0x00000000   Number         0  core_cm3.o ABSOLUTE
    ..\\SYSTEM\\sys\\sys.c                   0x00000000   Number         0  sys.o ABSOLUTE
    dc.s                                     0x00000000   Number         0  dc.o ABSOLUTE
    main.c                                   0x00000000   Number         0  main.o ABSOLUTE
    stm32f10x_it.c                           0x00000000   Number         0  stm32f10x_it.o ABSOLUTE
    system_stm32f10x.c                       0x00000000   Number         0  system_stm32f10x.o ABSOLUTE
    RESET                                    0x08000000   Section      236  startup_stm32f10x_md.o(RESET)
    !!!main                                  0x080000ec   Section        8  __main.o(!!!main)
    !!!scatter                               0x080000f4   Section       52  __scatter.o(!!!scatter)
    !!handler_copy                           0x08000128   Section       26  __scatter_copy.o(!!handler_copy)
    !!handler_zi                             0x08000144   Section       28  __scatter_zi.o(!!handler_zi)
    .ARM.Collect$$_printf_percent$$00000000  0x08000160   Section        0  _printf_percent.o(.ARM.Collect$$_printf_percent$$00000000)
    .ARM.Collect$$_printf_percent$$00000009  0x08000160   Section        6  _printf_d.o(.ARM.Collect$$_printf_percent$$00000009)
    .ARM.Collect$$_printf_percent$$00000017  0x08000166   Section        4  _printf_percent_end.o(.ARM.Collect$$_printf_percent$$00000017)
    .ARM.Collect$$libinit$$00000000          0x0800016a   Section        2  libinit.o(.ARM.Collect$$libinit$$00000000)
    .ARM.Collect$$libinit$$00000002          0x0800016c   Section        0  libinit2.o(.ARM.Collect$$libinit$$00000002)
    .ARM.Collect$$libinit$$00000004          0x0800016c   Section        0  libinit2.o(.ARM.Collect$$libinit$$00000004)
    .ARM.Collect$$libinit$$0000000A          0x0800016c   Section        0  libinit2.o(.ARM.Collect$$libinit$$0000000A)
    .ARM.Collect$$libinit$$0000000C          0x0800016c   Section        0  libinit2.o(.ARM.Collect$$libinit$$0000000C)
    .ARM.Collect$$libinit$$0000000E          0x0800016c   Section        0  libinit2.o(.ARM.Collect$$libinit$$0000000E)
    .ARM.Collect$$libinit$$0000000F          0x0800016c   Section        6  libinit2.o(.ARM.Collect$$libinit$$0000000F)
    .ARM.Collect$$libinit$$00000011          0x08000172   Section        0  libinit2.o(.ARM.Collect$$libinit$$00000011)
    .ARM.Collect$$libinit$$00000012          0x08000172   Section       12  libinit2.o(.ARM.Collect$$libinit$$00000012)
    .ARM.Collect$$libinit$$00000013          0x0800017e   Section        0  libinit2.o(.ARM.Collect$$libinit$$00000013)
    .ARM.Collect$$libinit$$00000015          0x0800017e   Section        0  libinit2.o(.ARM.Collect$$libinit$$00000015)
    .ARM.Collect$$libinit$$00000016          0x0800017e   Section       10  libinit2.o(.ARM.Collect$$libinit$$00000016)
    .ARM.Collect$$libinit$$00000017          0x08000188   Section        0  libinit2.o(.ARM.Collect$$libinit$$00000017)
    .ARM.Collect$$libinit$$00000019          0x08000188   Section        0  libinit2.o(.ARM.Collect$$libinit$$00000019)
    .ARM.Collect$$libinit$$0000001B          0x08000188   Section        0  libinit2.o(.ARM.Collect$$libinit$$0000001B)
    .ARM.Collect$$libinit$$0000001D          0x08000188   Section        0  libinit2.o(.ARM.Collect$$libinit$$0000001D)
    .ARM.Collect$$libinit$$0000001F          0x08000188   Section        0  libinit2.o(.ARM.Collect$$libinit$$0000001F)
    .ARM.Collect$$libinit$$00000021          0x08000188   Section        0  libinit2.o(.ARM.Collect$$libinit$$00000021)
    .ARM.Collect$$libinit$$00000023          0x08000188   Section        0  libinit2.o(.ARM.Collect$$libinit$$00000023)
    .ARM.Collect$$libinit$$00000025          0x08000188   Section        0  libinit2.o(.ARM.Collect$$libinit$$00000025)
    .ARM.Collect$$libinit$$0000002C          0x08000188   Section        0  libinit2.o(.ARM.Collect$$libinit$$0000002C)
    .ARM.Collect$$libinit$$0000002E          0x08000188   Section        0  libinit2.o(.ARM.Collect$$libinit$$0000002E)
    .ARM.Collect$$libinit$$00000030          0x08000188   Section        0  libinit2.o(.ARM.Collect$$libinit$$00000030)
    .ARM.Collect$$libinit$$00000032          0x08000188   Section        0  libinit2.o(.ARM.Collect$$libinit$$00000032)
    .ARM.Collect$$libinit$$00000033          0x08000188   Section        2  libinit2.o(.ARM.Collect$$libinit$$00000033)
    .ARM.Collect$$libshutdown$$00000000      0x0800018a   Section        2  libshutdown.o(.ARM.Collect$$libshutdown$$00000000)
    .ARM.Collect$$libshutdown$$00000002      0x0800018c   Section        0  libshutdown2.o(.ARM.Collect$$libshutdown$$00000002)
    .ARM.Collect$$libshutdown$$00000004      0x0800018c   Section        0  libshutdown2.o(.ARM.Collect$$libshutdown$$00000004)
    .ARM.Collect$$libshutdown$$00000007      0x0800018c   Section        0  libshutdown2.o(.ARM.Collect$$libshutdown$$00000007)
    .ARM.Collect$$libshutdown$$0000000A      0x0800018c   Section        0  libshutdown2.o(.ARM.Collect$$libshutdown$$0000000A)
    .ARM.Collect$$libshutdown$$0000000C      0x0800018c   Section        0  libshutdown2.o(.ARM.Collect$$libshutdown$$0000000C)
    .ARM.Collect$$libshutdown$$0000000F      0x0800018c   Section        0  libshutdown2.o(.ARM.Collect$$libshutdown$$0000000F)
    .ARM.Collect$$libshutdown$$00000010      0x0800018c   Section        2  libshutdown2.o(.ARM.Collect$$libshutdown$$00000010)
    .ARM.Collect$$rtentry$$00000000          0x0800018e   Section        0  __rtentry.o(.ARM.Collect$$rtentry$$00000000)
    .ARM.Collect$$rtentry$$00000002          0x0800018e   Section        0  __rtentry2.o(.ARM.Collect$$rtentry$$00000002)
    .ARM.Collect$$rtentry$$00000004          0x0800018e   Section        6  __rtentry4.o(.ARM.Collect$$rtentry$$00000004)
    .ARM.Collect$$rtentry$$00000009          0x08000194   Section        0  __rtentry2.o(.ARM.Collect$$rtentry$$00000009)
    .ARM.Collect$$rtentry$$0000000A          0x08000194   Section        4  __rtentry2.o(.ARM.Collect$$rtentry$$0000000A)
    .ARM.Collect$$rtentry$$0000000C          0x08000198   Section        0  __rtentry2.o(.ARM.Collect$$rtentry$$0000000C)
    .ARM.Collect$$rtentry$$0000000D          0x08000198   Section        8  __rtentry2.o(.ARM.Collect$$rtentry$$0000000D)
    .ARM.Collect$$rtexit$$00000000           0x080001a0   Section        2  rtexit.o(.ARM.Collect$$rtexit$$00000000)
    .ARM.Collect$$rtexit$$00000002           0x080001a2   Section        0  rtexit2.o(.ARM.Collect$$rtexit$$00000002)
    .ARM.Collect$$rtexit$$00000003           0x080001a2   Section        4  rtexit2.o(.ARM.Collect$$rtexit$$00000003)
    .ARM.Collect$$rtexit$$00000004           0x080001a6   Section        6  rtexit2.o(.ARM.Collect$$rtexit$$00000004)
    .text                                    0x080001ac   Section       64  startup_stm32f10x_md.o(.text)
    .text                                    0x080001ec   Section        0  __2sprintf.o(.text)
    .text                                    0x08000218   Section        0  _printf_dec.o(.text)
    .text                                    0x08000290   Section        0  __printf_flags_ss_wp.o(.text)
    .text                                    0x08000418   Section        0  __0sscanf.o(.text)
    .text                                    0x08000454   Section        0  _scanf_int.o(.text)
    .text                                    0x080005a0   Section        0  strstr.o(.text)
    .text                                    0x080005c4   Section       68  rt_memclr.o(.text)
    .text                                    0x08000608   Section        0  heapauxi.o(.text)
    .text                                    0x0800060e   Section        0  _printf_intcommon.o(.text)
    .text                                    0x080006c0   Section        0  _printf_char_common.o(.text)
    _printf_input_char                       0x080006c1   Thumb Code    10  _printf_char_common.o(.text)
    .text                                    0x080006f0   Section        0  _sputc.o(.text)
    .text                                    0x080006fa   Section        0  _chval.o(.text)
    .text                                    0x08000718   Section        0  scanf_fp.o(.text)
    _fp_value                                0x08000719   Thumb Code   588  scanf_fp.o(.text)
    .text                                    0x08000c10   Section        0  scanf_char.o(.text)
    _scanf_char_input                        0x08000c11   Thumb Code    12  scanf_char.o(.text)
    .text                                    0x08000c3c   Section        0  _sgetc.o(.text)
    .text                                    0x08000c7c   Section       78  rt_memclr_w.o(.text)
    .text                                    0x08000ccc   Section        8  rt_locale_intlibspace.o(.text)
    .text                                    0x08000cd4   Section        8  rt_errno_addr_intlibspace.o(.text)
    .text                                    0x08000cdc   Section        0  isspace.o(.text)
    .text                                    0x08000cf0   Section        0  _scanf.o(.text)
    .text                                    0x08001064   Section        0  bigflt0.o(.text)
    .text                                    0x08001148   Section        8  libspace.o(.text)
    .text                                    0x08001150   Section       74  sys_stackheap_outer.o(.text)
    .text                                    0x0800119c   Section       16  rt_ctype_table.o(.text)
    .text                                    0x080011ac   Section        0  _rserrno.o(.text)
    .text                                    0x080011c4   Section        0  scanf_hexfp.o(.text)
    .text                                    0x080014e4   Section        0  scanf_infnan.o(.text)
    .text                                    0x08001618   Section        0  exit.o(.text)
    .text                                    0x0800162c   Section      128  strcmpv7m.o(.text)
    .text                                    0x080016ac   Section       38  llshl.o(.text)
    .text                                    0x080016d4   Section        0  sys_exit.o(.text)
    .text                                    0x080016e0   Section        2  use_no_semi.o(.text)
    .text                                    0x080016e2   Section        0  indicate_semi.o(.text)
    CL$$btod_div_common                      0x080016e2   Section      824  btod.o(CL$$btod_div_common)
    CL$$btod_e2d                             0x08001a1c   Section      132  btod.o(CL$$btod_e2d)
    CL$$btod_e2e                             0x08001aa0   Section      220  btod.o(CL$$btod_e2e)
    CL$$btod_ediv                            0x08001b7c   Section       42  btod.o(CL$$btod_ediv)
    CL$$btod_edivd                           0x08001ba6   Section       42  btod.o(CL$$btod_edivd)
    CL$$btod_emul                            0x08001bd0   Section       42  btod.o(CL$$btod_emul)
    CL$$btod_emuld                           0x08001bfa   Section       42  btod.o(CL$$btod_emuld)
    CL$$btod_mult_common                     0x08001c24   Section      580  btod.o(CL$$btod_mult_common)
    i.BusFault_Handler                       0x08001e68   Section        0  stm32f10x_it.o(i.BusFault_Handler)
    i.DebugMon_Handler                       0x08001e6c   Section        0  stm32f10x_it.o(i.DebugMon_Handler)
    i.Delay_Init                             0x08001e70   Section        0  delay.o(i.Delay_Init)
    i.Delay_ms                               0x08001eb4   Section        0  delay.o(i.Delay_ms)
    i.Display_function                       0x08001f00   Section        0  main.o(i.Display_function)
    i.GPIO_Init                              0x08001fe4   Section        0  stm32f10x_gpio.o(i.GPIO_Init)
    i.GPIO_ReadInputDataBit                  0x080020fa   Section        0  stm32f10x_gpio.o(i.GPIO_ReadInputDataBit)
    i.GPIO_ResetBits                         0x0800210c   Section        0  stm32f10x_gpio.o(i.GPIO_ResetBits)
    i.GPIO_SetBits                           0x08002110   Section        0  stm32f10x_gpio.o(i.GPIO_SetBits)
    i.Gpio_Init                              0x08002114   Section        0  gpio.o(i.Gpio_Init)
    i.HardFault_Handler                      0x08002148   Section        0  stm32f10x_it.o(i.HardFault_Handler)
    i.Manage_function                        0x0800214c   Section        0  main.o(i.Manage_function)
    i.MemManage_Handler                      0x0800247c   Section        0  stm32f10x_it.o(i.MemManage_Handler)
    i.NMI_Handler                            0x08002480   Section        0  stm32f10x_it.o(i.NMI_Handler)
    i.NVIC_Init                              0x08002484   Section        0  misc.o(i.NVIC_Init)
    i.NVIC_PriorityGroupConfig               0x080024f4   Section        0  misc.o(i.NVIC_PriorityGroupConfig)
    i.Oled_Clear_All                         0x08002508   Section        0  oled.o(i.Oled_Clear_All)
    i.Oled_Delay                             0x08002540   Section        0  oled.o(i.Oled_Delay)
    i.Oled_IIC_Start                         0x0800254c   Section        0  oled.o(i.Oled_IIC_Start)
    i.Oled_IIC_Stop                          0x08002588   Section        0  oled.o(i.Oled_IIC_Stop)
    i.Oled_Init                              0x080025b4   Section        0  oled.o(i.Oled_Init)
    i.Oled_Set_Pos                           0x080026a8   Section        0  oled.o(i.Oled_Set_Pos)
    i.Oled_ShowCHinese                       0x080026d0   Section        0  oled.o(i.Oled_ShowCHinese)
    i.Oled_ShowChar                          0x08002788   Section        0  oled.o(i.Oled_ShowChar)
    i.Oled_ShowString                        0x080027e4   Section        0  oled.o(i.Oled_ShowString)
    i.Oled_Write_IIC_Byte                    0x08002824   Section        0  oled.o(i.Oled_Write_IIC_Byte)
    i.Oled_Write_IIC_Com                     0x080028ac   Section        0  oled.o(i.Oled_Write_IIC_Com)
    i.Oled_Write_IIC_Dat                     0x080028cc   Section        0  oled.o(i.Oled_Write_IIC_Dat)
    i.PendSV_Handler                         0x080028ec   Section        0  stm32f10x_it.o(i.PendSV_Handler)
    i.RCC_APB1PeriphClockCmd                 0x080028f0   Section        0  stm32f10x_rcc.o(i.RCC_APB1PeriphClockCmd)
    i.RCC_APB2PeriphClockCmd                 0x08002910   Section        0  stm32f10x_rcc.o(i.RCC_APB2PeriphClockCmd)
    i.RCC_GetClocksFreq                      0x08002930   Section        0  stm32f10x_rcc.o(i.RCC_GetClocksFreq)
    i.SVC_Handler                            0x08002a04   Section        0  stm32f10x_it.o(i.SVC_Handler)
    i.SetSysClock                            0x08002a06   Section        0  system_stm32f10x.o(i.SetSysClock)
    SetSysClock                              0x08002a07   Thumb Code     8  system_stm32f10x.o(i.SetSysClock)
    i.SetSysClockTo72                        0x08002a10   Section        0  system_stm32f10x.o(i.SetSysClockTo72)
    SetSysClockTo72                          0x08002a11   Thumb Code   214  system_stm32f10x.o(i.SetSysClockTo72)
    i.Set_AC_Cool                            0x08002af0   Section        0  gpio.o(i.Set_AC_Cool)
    i.Set_AC_Heat                            0x08002b10   Section        0  gpio.o(i.Set_AC_Heat)
    i.Set_Buzzer                             0x08002b30   Section        0  gpio.o(i.Set_Buzzer)
    i.Set_Fan_Relay                          0x08002b50   Section        0  gpio.o(i.Set_Fan_Relay)
    i.Set_Humidifier                         0x08002b70   Section        0  gpio.o(i.Set_Humidifier)
    i.Set_Light                              0x08002b90   Section        0  gpio.o(i.Set_Light)
    i.SysTick_CLKSourceConfig                0x08002bb0   Section        0  misc.o(i.SysTick_CLKSourceConfig)
    i.SysTick_Handler                        0x08002bd8   Section        0  stm32f10x_it.o(i.SysTick_Handler)
    i.SystemInit                             0x08002bdc   Section        0  system_stm32f10x.o(i.SystemInit)
    i.TIM3_IRQHandler                        0x08002c3c   Section        0  timer.o(i.TIM3_IRQHandler)
    i.TIM3_Init                              0x08002c64   Section        0  timer.o(i.TIM3_Init)
    i.TIM_ClearITPendingBit                  0x08002cc4   Section        0  stm32f10x_tim.o(i.TIM_ClearITPendingBit)
    i.TIM_Cmd                                0x08002cca   Section        0  stm32f10x_tim.o(i.TIM_Cmd)
    i.TIM_GetITStatus                        0x08002ce2   Section        0  stm32f10x_tim.o(i.TIM_GetITStatus)
    i.TIM_ITConfig                           0x08002d04   Section        0  stm32f10x_tim.o(i.TIM_ITConfig)
    i.TIM_TimeBaseInit                       0x08002d18   Section        0  stm32f10x_tim.o(i.TIM_TimeBaseInit)
    i.USART1_Clear                           0x08002dbc   Section        0  main.o(i.USART1_Clear)
    i.USART1_IRQHandler                      0x08002dd8   Section        0  main.o(i.USART1_IRQHandler)
    i.USART1_WaitRecive                      0x08002e24   Section        0  main.o(i.USART1_WaitRecive)
    i.USART2_IRQHandler                      0x08002e58   Section        0  main.o(i.USART2_IRQHandler)
    i.USART_ClearFlag                        0x08002ea4   Section        0  stm32f10x_usart.o(i.USART_ClearFlag)
    i.USART_Cmd                              0x08002eb6   Section        0  stm32f10x_usart.o(i.USART_Cmd)
    i.USART_GetFlagStatus                    0x08002ece   Section        0  stm32f10x_usart.o(i.USART_GetFlagStatus)
    i.USART_GetITStatus                      0x08002ee8   Section        0  stm32f10x_usart.o(i.USART_GetITStatus)
    i.USART_ITConfig                         0x08002f3c   Section        0  stm32f10x_usart.o(i.USART_ITConfig)
    i.USART_Init                             0x08002f88   Section        0  stm32f10x_usart.o(i.USART_Init)
    i.USART_SendData                         0x08003060   Section        0  stm32f10x_usart.o(i.USART_SendData)
    i.UsageFault_Handler                     0x08003068   Section        0  stm32f10x_it.o(i.UsageFault_Handler)
    i.Usart1_Init                            0x0800306c   Section        0  main.o(i.Usart1_Init)
    i.Usart_SendString                       0x0800311c   Section        0  main.o(i.Usart_SendString)
    i.__mathlib_dbl_overflow                 0x0800314e   Section        0  dunder.o(i.__mathlib_dbl_overflow)
    i.__mathlib_dbl_underflow                0x0800315c   Section        0  dunder.o(i.__mathlib_dbl_underflow)
    i.__mathlib_narrow                       0x0800316c   Section        0  narrow.o(i.__mathlib_narrow)
    i.__mathlib_tofloat                      0x0800317c   Section        0  narrow.o(i.__mathlib_tofloat)
    i.__support_ldexp                        0x08003238   Section        0  ldexp.o(i.__support_ldexp)
    i._is_digit                              0x0800324e   Section        0  __printf_wp.o(i._is_digit)
    i.frexp                                  0x0800325c   Section        0  frexp.o(i.frexp)
    i.handle_auto_mode                       0x080032b4   Section        0  main.o(i.handle_auto_mode)
    i.ldexp                                  0x080033bc   Section        0  ldexp.o(i.ldexp)
    i.main                                   0x08003430   Section        0  main.o(i.main)
    locale$$code                             0x08003478   Section       44  lc_numeric_c.o(locale$$code)
    locale$$code                             0x080034a4   Section       44  lc_ctype_c.o(locale$$code)
    x$fpl$d2f                                0x080034d0   Section       98  d2f.o(x$fpl$d2f)
    x$fpl$dcheck1                            0x08003534   Section       16  dcheck1.o(x$fpl$dcheck1)
    x$fpl$dcmpinf                            0x08003544   Section       24  dcmpi.o(x$fpl$dcmpinf)
    x$fpl$deqf                               0x0800355c   Section      120  deqf.o(x$fpl$deqf)
    x$fpl$dleqf                              0x080035d4   Section      120  dleqf.o(x$fpl$dleqf)
    x$fpl$dnaninf                            0x0800364c   Section      156  dnaninf.o(x$fpl$dnaninf)
    x$fpl$drleqf                             0x080036e8   Section      108  drleqf.o(x$fpl$drleqf)
    x$fpl$fadd                               0x08003754   Section      196  faddsub_clz.o(x$fpl$fadd)
    _fadd1                                   0x08003763   Thumb Code     0  faddsub_clz.o(x$fpl$fadd)
    x$fpl$ffix                               0x08003818   Section       54  ffix.o(x$fpl$ffix)
    x$fpl$fflt                               0x08003850   Section       48  fflt_clz.o(x$fpl$fflt)
    x$fpl$fmul                               0x08003880   Section      258  fmul.o(x$fpl$fmul)
    x$fpl$fnaninf                            0x08003982   Section      140  fnaninf.o(x$fpl$fnaninf)
    x$fpl$fretinf                            0x08003a0e   Section       10  fretinf.o(x$fpl$fretinf)
    x$fpl$frsb                               0x08003a18   Section       20  faddsub_clz.o(x$fpl$frsb)
    x$fpl$fsub                               0x08003a2c   Section      234  faddsub_clz.o(x$fpl$fsub)
    _fsub1                                   0x08003a3b   Thumb Code     0  faddsub_clz.o(x$fpl$fsub)
    x$fpl$ieeestatus                         0x08003b16   Section        6  istatus.o(x$fpl$ieeestatus)
    x$fpl$retnan                             0x08003b1c   Section      100  retnan.o(x$fpl$retnan)
    x$fpl$scalbn                             0x08003b80   Section       92  scalbn.o(x$fpl$scalbn)
    x$fpl$scanf1                             0x08003bdc   Section        4  scanf1.o(x$fpl$scanf1)
    x$fpl$scanf2                             0x08003be0   Section        8  scanf2.o(x$fpl$scanf2)
    x$fpl$trapveneer                         0x08003be8   Section       48  trapv.o(x$fpl$trapveneer)
    .constdata                               0x08003c18   Section     2744  oled.o(.constdata)
    x$fpl$usenofp                            0x08003c18   Section        0  usenofp.o(x$fpl$usenofp)
    .constdata                               0x080046d0   Section       17  __printf_flags_ss_wp.o(.constdata)
    maptable                                 0x080046d0   Data          17  __printf_flags_ss_wp.o(.constdata)
    .constdata                               0x080046e4   Section      148  bigflt0.o(.constdata)
    tenpwrs_x                                0x080046e4   Data          60  bigflt0.o(.constdata)
    tenpwrs_i                                0x08004720   Data          64  bigflt0.o(.constdata)
    c$$dinf                                  0x08004798   Section        8  fpconst.o(c$$dinf)
    c$$dmax                                  0x080047a0   Section        8  fpconst.o(c$$dmax)
    locale$$data                             0x080047a8   Section       28  lc_numeric_c.o(locale$$data)
    __lcnum_c_name                           0x080047ac   Data           2  lc_numeric_c.o(locale$$data)
    __lcnum_c_start                          0x080047b4   Data           0  lc_numeric_c.o(locale$$data)
    __lcnum_c_point                          0x080047c0   Data           0  lc_numeric_c.o(locale$$data)
    __lcnum_c_thousands                      0x080047c2   Data           0  lc_numeric_c.o(locale$$data)
    __lcnum_c_grouping                       0x080047c3   Data           0  lc_numeric_c.o(locale$$data)
    locale$$data                             0x080047c4   Section      272  lc_ctype_c.o(locale$$data)
    __lcnum_c_end                            0x080047c4   Data           0  lc_numeric_c.o(locale$$data)
    __lcctype_c_name                         0x080047c8   Data           2  lc_ctype_c.o(locale$$data)
    __lcctype_c_start                        0x080047d0   Data           0  lc_ctype_c.o(locale$$data)
    __lcctype_c_end                          0x080048d4   Data           0  lc_ctype_c.o(locale$$data)
    .data                                    0x20000000   Section       76  main.o(.data)
    .data                                    0x2000004c   Section       20  system_stm32f10x.o(.data)
    .data                                    0x20000060   Section        4  delay.o(.data)
    fac_us                                   0x20000060   Data           1  delay.o(.data)
    fac_ms                                   0x20000062   Data           2  delay.o(.data)
    .data                                    0x20000064   Section       20  stm32f10x_rcc.o(.data)
    APBAHBPrescTable                         0x20000064   Data          16  stm32f10x_rcc.o(.data)
    ADCPrescTable                            0x20000074   Data           4  stm32f10x_rcc.o(.data)
    .bss                                     0x20000078   Section      544  main.o(.bss)
    .bss                                     0x20000298   Section       96  libspace.o(.bss)
    HEAP                                     0x200002f8   Section      512  startup_stm32f10x_md.o(HEAP)
    Heap_Mem                                 0x200002f8   Data         512  startup_stm32f10x_md.o(HEAP)
    STACK                                    0x200004f8   Section     1024  startup_stm32f10x_md.o(STACK)
    Stack_Mem                                0x200004f8   Data        1024  startup_stm32f10x_md.o(STACK)
    __initial_sp                             0x200008f8   Data           0  startup_stm32f10x_md.o(STACK)

    Global Symbols

    Symbol Name                              Value     Ov Type        Size  Object(Section)

    BuildAttributes$$THM_ISAv4$P$D$K$B$S$PE$A:L22UL41UL21$X:L11$S22US41US21$IEEE1$IW$USESV6$~STKCKD$USESV7$~SHL$OTIME$ROPI$IEEEX$EBA8$UX$STANDARDLIB$REQ8$PRES8$EABIv2 0x00000000   Number         0  anon$$obj.o ABSOLUTE
    __ARM_use_no_argv                        0x00000000   Number         0  main.o ABSOLUTE
    _printf_flags                            0x00000000   Number         0  printf_stubs.o ABSOLUTE
    _printf_return_value                     0x00000000   Number         0  printf_stubs.o ABSOLUTE
    _printf_sizespec                         0x00000000   Number         0  printf_stubs.o ABSOLUTE
    _printf_widthprec                        0x00000000   Number         0  printf_stubs.o ABSOLUTE
    __ARM_exceptions_init                     - Undefined Weak Reference
    __alloca_initialize                       - Undefined Weak Reference
    __arm_preinit_                            - Undefined Weak Reference
    __cpp_initialize__aeabi_                  - Undefined Weak Reference
    __cxa_finalize                            - Undefined Weak Reference
    __sigvec_lookup                           - Undefined Weak Reference
    _atexit_init                              - Undefined Weak Reference
    _call_atexit_fns                          - Undefined Weak Reference
    _clock_init                               - Undefined Weak Reference
    _fp_trap_init                             - Undefined Weak Reference
    _fp_trap_shutdown                         - Undefined Weak Reference
    _get_lc_collate                           - Undefined Weak Reference
    _get_lc_monetary                          - Undefined Weak Reference
    _get_lc_time                              - Undefined Weak Reference
    _getenv_init                              - Undefined Weak Reference
    _handle_redirection                       - Undefined Weak Reference
    _init_alloc                               - Undefined Weak Reference
    _init_user_alloc                          - Undefined Weak Reference
    _initio                                   - Undefined Weak Reference
    _printf_fp_hex                            - Undefined Weak Reference
    _printf_mbtowc                            - Undefined Weak Reference
    _printf_wc                                - Undefined Weak Reference
    _rand_init                                - Undefined Weak Reference
    _scanf_longlong                           - Undefined Weak Reference
    _scanf_mbtowc                             - Undefined Weak Reference
    _scanf_string                             - Undefined Weak Reference
    _scanf_wctomb                             - Undefined Weak Reference
    _scanf_wstring                            - Undefined Weak Reference
    _signal_finish                            - Undefined Weak Reference
    _signal_init                              - Undefined Weak Reference
    _terminate_alloc                          - Undefined Weak Reference
    _terminate_user_alloc                     - Undefined Weak Reference
    _terminateio                              - Undefined Weak Reference
    __Vectors_Size                           0x000000ec   Number         0  startup_stm32f10x_md.o ABSOLUTE
    __Vectors                                0x08000000   Data           4  startup_stm32f10x_md.o(RESET)
    __Vectors_End                            0x080000ec   Data           0  startup_stm32f10x_md.o(RESET)
    __main                                   0x080000ed   Thumb Code     8  __main.o(!!!main)
    __scatterload                            0x080000f5   Thumb Code     0  __scatter.o(!!!scatter)
    __scatterload_rt2                        0x080000f5   Thumb Code    44  __scatter.o(!!!scatter)
    __scatterload_rt2_thumb_only             0x080000f5   Thumb Code     0  __scatter.o(!!!scatter)
    __scatterload_null                       0x08000103   Thumb Code     0  __scatter.o(!!!scatter)
    __scatterload_copy                       0x08000129   Thumb Code    26  __scatter_copy.o(!!handler_copy)
    __scatterload_zeroinit                   0x08000145   Thumb Code    28  __scatter_zi.o(!!handler_zi)
    _printf_d                                0x08000161   Thumb Code     0  _printf_d.o(.ARM.Collect$$_printf_percent$$00000009)
    _printf_percent                          0x08000161   Thumb Code     0  _printf_percent.o(.ARM.Collect$$_printf_percent$$00000000)
    _printf_percent_end                      0x08000167   Thumb Code     0  _printf_percent_end.o(.ARM.Collect$$_printf_percent$$00000017)
    __rt_lib_init                            0x0800016b   Thumb Code     0  libinit.o(.ARM.Collect$$libinit$$00000000)
    __rt_lib_init_fp_1                       0x0800016d   Thumb Code     0  libinit2.o(.ARM.Collect$$libinit$$00000002)
    __rt_lib_init_heap_1                     0x0800016d   Thumb Code     0  libinit2.o(.ARM.Collect$$libinit$$0000000A)
    __rt_lib_init_lc_common                  0x0800016d   Thumb Code     0  libinit2.o(.ARM.Collect$$libinit$$0000000F)
    __rt_lib_init_preinit_1                  0x0800016d   Thumb Code     0  libinit2.o(.ARM.Collect$$libinit$$00000004)
    __rt_lib_init_rand_1                     0x0800016d   Thumb Code     0  libinit2.o(.ARM.Collect$$libinit$$0000000E)
    __rt_lib_init_user_alloc_1               0x0800016d   Thumb Code     0  libinit2.o(.ARM.Collect$$libinit$$0000000C)
    __rt_lib_init_lc_collate_1               0x08000173   Thumb Code     0  libinit2.o(.ARM.Collect$$libinit$$00000011)
    __rt_lib_init_lc_ctype_2                 0x08000173   Thumb Code     0  libinit2.o(.ARM.Collect$$libinit$$00000012)
    __rt_lib_init_lc_ctype_1                 0x0800017f   Thumb Code     0  libinit2.o(.ARM.Collect$$libinit$$00000013)
    __rt_lib_init_lc_monetary_1              0x0800017f   Thumb Code     0  libinit2.o(.ARM.Collect$$libinit$$00000015)
    __rt_lib_init_lc_numeric_2               0x0800017f   Thumb Code     0  libinit2.o(.ARM.Collect$$libinit$$00000016)
    __rt_lib_init_alloca_1                   0x08000189   Thumb Code     0  libinit2.o(.ARM.Collect$$libinit$$0000002E)
    __rt_lib_init_argv_1                     0x08000189   Thumb Code     0  libinit2.o(.ARM.Collect$$libinit$$0000002C)
    __rt_lib_init_atexit_1                   0x08000189   Thumb Code     0  libinit2.o(.ARM.Collect$$libinit$$0000001B)
    __rt_lib_init_clock_1                    0x08000189   Thumb Code     0  libinit2.o(.ARM.Collect$$libinit$$00000021)
    __rt_lib_init_cpp_1                      0x08000189   Thumb Code     0  libinit2.o(.ARM.Collect$$libinit$$00000032)
    __rt_lib_init_exceptions_1               0x08000189   Thumb Code     0  libinit2.o(.ARM.Collect$$libinit$$00000030)
    __rt_lib_init_fp_trap_1                  0x08000189   Thumb Code     0  libinit2.o(.ARM.Collect$$libinit$$0000001F)
    __rt_lib_init_getenv_1                   0x08000189   Thumb Code     0  libinit2.o(.ARM.Collect$$libinit$$00000023)
    __rt_lib_init_lc_numeric_1               0x08000189   Thumb Code     0  libinit2.o(.ARM.Collect$$libinit$$00000017)
    __rt_lib_init_lc_time_1                  0x08000189   Thumb Code     0  libinit2.o(.ARM.Collect$$libinit$$00000019)
    __rt_lib_init_return                     0x08000189   Thumb Code     0  libinit2.o(.ARM.Collect$$libinit$$00000033)
    __rt_lib_init_signal_1                   0x08000189   Thumb Code     0  libinit2.o(.ARM.Collect$$libinit$$0000001D)
    __rt_lib_init_stdio_1                    0x08000189   Thumb Code     0  libinit2.o(.ARM.Collect$$libinit$$00000025)
    __rt_lib_shutdown                        0x0800018b   Thumb Code     0  libshutdown.o(.ARM.Collect$$libshutdown$$00000000)
    __rt_lib_shutdown_cpp_1                  0x0800018d   Thumb Code     0  libshutdown2.o(.ARM.Collect$$libshutdown$$00000002)
    __rt_lib_shutdown_fp_trap_1              0x0800018d   Thumb Code     0  libshutdown2.o(.ARM.Collect$$libshutdown$$00000007)
    __rt_lib_shutdown_heap_1                 0x0800018d   Thumb Code     0  libshutdown2.o(.ARM.Collect$$libshutdown$$0000000F)
    __rt_lib_shutdown_return                 0x0800018d   Thumb Code     0  libshutdown2.o(.ARM.Collect$$libshutdown$$00000010)
    __rt_lib_shutdown_signal_1               0x0800018d   Thumb Code     0  libshutdown2.o(.ARM.Collect$$libshutdown$$0000000A)
    __rt_lib_shutdown_stdio_1                0x0800018d   Thumb Code     0  libshutdown2.o(.ARM.Collect$$libshutdown$$00000004)
    __rt_lib_shutdown_user_alloc_1           0x0800018d   Thumb Code     0  libshutdown2.o(.ARM.Collect$$libshutdown$$0000000C)
    __rt_entry                               0x0800018f   Thumb Code     0  __rtentry.o(.ARM.Collect$$rtentry$$00000000)
    __rt_entry_presh_1                       0x0800018f   Thumb Code     0  __rtentry2.o(.ARM.Collect$$rtentry$$00000002)
    __rt_entry_sh                            0x0800018f   Thumb Code     0  __rtentry4.o(.ARM.Collect$$rtentry$$00000004)
    __rt_entry_li                            0x08000195   Thumb Code     0  __rtentry2.o(.ARM.Collect$$rtentry$$0000000A)
    __rt_entry_postsh_1                      0x08000195   Thumb Code     0  __rtentry2.o(.ARM.Collect$$rtentry$$00000009)
    __rt_entry_main                          0x08000199   Thumb Code     0  __rtentry2.o(.ARM.Collect$$rtentry$$0000000D)
    __rt_entry_postli_1                      0x08000199   Thumb Code     0  __rtentry2.o(.ARM.Collect$$rtentry$$0000000C)
    __rt_exit                                0x080001a1   Thumb Code     0  rtexit.o(.ARM.Collect$$rtexit$$00000000)
    __rt_exit_ls                             0x080001a3   Thumb Code     0  rtexit2.o(.ARM.Collect$$rtexit$$00000003)
    __rt_exit_prels_1                        0x080001a3   Thumb Code     0  rtexit2.o(.ARM.Collect$$rtexit$$00000002)
    __rt_exit_exit                           0x080001a7   Thumb Code     0  rtexit2.o(.ARM.Collect$$rtexit$$00000004)
    Reset_Handler                            0x080001ad   Thumb Code     8  startup_stm32f10x_md.o(.text)
    ADC1_2_IRQHandler                        0x080001c7   Thumb Code     0  startup_stm32f10x_md.o(.text)
    CAN1_RX1_IRQHandler                      0x080001c7   Thumb Code     0  startup_stm32f10x_md.o(.text)
    CAN1_SCE_IRQHandler                      0x080001c7   Thumb Code     0  startup_stm32f10x_md.o(.text)
    DMA1_Channel1_IRQHandler                 0x080001c7   Thumb Code     0  startup_stm32f10x_md.o(.text)
    DMA1_Channel2_IRQHandler                 0x080001c7   Thumb Code     0  startup_stm32f10x_md.o(.text)
    DMA1_Channel3_IRQHandler                 0x080001c7   Thumb Code     0  startup_stm32f10x_md.o(.text)
    DMA1_Channel4_IRQHandler                 0x080001c7   Thumb Code     0  startup_stm32f10x_md.o(.text)
    DMA1_Channel5_IRQHandler                 0x080001c7   Thumb Code     0  startup_stm32f10x_md.o(.text)
    DMA1_Channel6_IRQHandler                 0x080001c7   Thumb Code     0  startup_stm32f10x_md.o(.text)
    DMA1_Channel7_IRQHandler                 0x080001c7   Thumb Code     0  startup_stm32f10x_md.o(.text)
    EXTI0_IRQHandler                         0x080001c7   Thumb Code     0  startup_stm32f10x_md.o(.text)
    EXTI15_10_IRQHandler                     0x080001c7   Thumb Code     0  startup_stm32f10x_md.o(.text)
    EXTI1_IRQHandler                         0x080001c7   Thumb Code     0  startup_stm32f10x_md.o(.text)
    EXTI2_IRQHandler                         0x080001c7   Thumb Code     0  startup_stm32f10x_md.o(.text)
    EXTI3_IRQHandler                         0x080001c7   Thumb Code     0  startup_stm32f10x_md.o(.text)
    EXTI4_IRQHandler                         0x080001c7   Thumb Code     0  startup_stm32f10x_md.o(.text)
    EXTI9_5_IRQHandler                       0x080001c7   Thumb Code     0  startup_stm32f10x_md.o(.text)
    FLASH_IRQHandler                         0x080001c7   Thumb Code     0  startup_stm32f10x_md.o(.text)
    I2C1_ER_IRQHandler                       0x080001c7   Thumb Code     0  startup_stm32f10x_md.o(.text)
    I2C1_EV_IRQHandler                       0x080001c7   Thumb Code     0  startup_stm32f10x_md.o(.text)
    I2C2_ER_IRQHandler                       0x080001c7   Thumb Code     0  startup_stm32f10x_md.o(.text)
    I2C2_EV_IRQHandler                       0x080001c7   Thumb Code     0  startup_stm32f10x_md.o(.text)
    PVD_IRQHandler                           0x080001c7   Thumb Code     0  startup_stm32f10x_md.o(.text)
    RCC_IRQHandler                           0x080001c7   Thumb Code     0  startup_stm32f10x_md.o(.text)
    RTCAlarm_IRQHandler                      0x080001c7   Thumb Code     0  startup_stm32f10x_md.o(.text)
    RTC_IRQHandler                           0x080001c7   Thumb Code     0  startup_stm32f10x_md.o(.text)
    SPI1_IRQHandler                          0x080001c7   Thumb Code     0  startup_stm32f10x_md.o(.text)
    SPI2_IRQHandler                          0x080001c7   Thumb Code     0  startup_stm32f10x_md.o(.text)
    TAMPER_IRQHandler                        0x080001c7   Thumb Code     0  startup_stm32f10x_md.o(.text)
    TIM1_BRK_IRQHandler                      0x080001c7   Thumb Code     0  startup_stm32f10x_md.o(.text)
    TIM1_CC_IRQHandler                       0x080001c7   Thumb Code     0  startup_stm32f10x_md.o(.text)
    TIM1_TRG_COM_IRQHandler                  0x080001c7   Thumb Code     0  startup_stm32f10x_md.o(.text)
    TIM1_UP_IRQHandler                       0x080001c7   Thumb Code     0  startup_stm32f10x_md.o(.text)
    TIM2_IRQHandler                          0x080001c7   Thumb Code     0  startup_stm32f10x_md.o(.text)
    TIM4_IRQHandler                          0x080001c7   Thumb Code     0  startup_stm32f10x_md.o(.text)
    USART3_IRQHandler                        0x080001c7   Thumb Code     0  startup_stm32f10x_md.o(.text)
    USBWakeUp_IRQHandler                     0x080001c7   Thumb Code     0  startup_stm32f10x_md.o(.text)
    USB_HP_CAN1_TX_IRQHandler                0x080001c7   Thumb Code     0  startup_stm32f10x_md.o(.text)
    USB_LP_CAN1_RX0_IRQHandler               0x080001c7   Thumb Code     0  startup_stm32f10x_md.o(.text)
    WWDG_IRQHandler                          0x080001c7   Thumb Code     0  startup_stm32f10x_md.o(.text)
    __user_initial_stackheap                 0x080001c9   Thumb Code     0  startup_stm32f10x_md.o(.text)
    __2sprintf                               0x080001ed   Thumb Code    38  __2sprintf.o(.text)
    _printf_int_dec                          0x08000219   Thumb Code   104  _printf_dec.o(.text)
    __printf                                 0x08000291   Thumb Code   388  __printf_flags_ss_wp.o(.text)
    __0sscanf                                0x08000419   Thumb Code    52  __0sscanf.o(.text)
    _scanf_int                               0x08000455   Thumb Code   332  _scanf_int.o(.text)
    strstr                                   0x080005a1   Thumb Code    36  strstr.o(.text)
    __aeabi_memclr                           0x080005c5   Thumb Code     0  rt_memclr.o(.text)
    __rt_memclr                              0x080005c5   Thumb Code    68  rt_memclr.o(.text)
    _memset                                  0x080005c9   Thumb Code     0  rt_memclr.o(.text)
    __use_two_region_memory                  0x08000609   Thumb Code     2  heapauxi.o(.text)
    __rt_heap_escrow$2region                 0x0800060b   Thumb Code     2  heapauxi.o(.text)
    __rt_heap_expand$2region                 0x0800060d   Thumb Code     2  heapauxi.o(.text)
    _printf_int_common                       0x0800060f   Thumb Code   178  _printf_intcommon.o(.text)
    _printf_char_common                      0x080006cb   Thumb Code    32  _printf_char_common.o(.text)
    _sputc                                   0x080006f1   Thumb Code    10  _sputc.o(.text)
    _chval                                   0x080006fb   Thumb Code    28  _chval.o(.text)
    _scanf_really_real                       0x08000965   Thumb Code   684  scanf_fp.o(.text)
    __vfscanf_char                           0x08000c1d   Thumb Code    24  scanf_char.o(.text)
    _sgetc                                   0x08000c3d   Thumb Code    30  _sgetc.o(.text)
    _sbackspace                              0x08000c5b   Thumb Code    34  _sgetc.o(.text)
    __aeabi_memclr4                          0x08000c7d   Thumb Code     0  rt_memclr_w.o(.text)
    __aeabi_memclr8                          0x08000c7d   Thumb Code     0  rt_memclr_w.o(.text)
    __rt_memclr_w                            0x08000c7d   Thumb Code    78  rt_memclr_w.o(.text)
    _memset_w                                0x08000c81   Thumb Code     0  rt_memclr_w.o(.text)
    __rt_locale                              0x08000ccd   Thumb Code     8  rt_locale_intlibspace.o(.text)
    __aeabi_errno_addr                       0x08000cd5   Thumb Code     8  rt_errno_addr_intlibspace.o(.text)
    __errno$intlibspace                      0x08000cd5   Thumb Code     0  rt_errno_addr_intlibspace.o(.text)
    __rt_errno_addr$intlibspace              0x08000cd5   Thumb Code     0  rt_errno_addr_intlibspace.o(.text)
    isspace                                  0x08000cdd   Thumb Code    18  isspace.o(.text)
    __vfscanf                                0x08000cf1   Thumb Code   878  _scanf.o(.text)
    _btod_etento                             0x08001065   Thumb Code   224  bigflt0.o(.text)
    __user_libspace                          0x08001149   Thumb Code     8  libspace.o(.text)
    __user_perproc_libspace                  0x08001149   Thumb Code     0  libspace.o(.text)
    __user_perthread_libspace                0x08001149   Thumb Code     0  libspace.o(.text)
    __user_setup_stackheap                   0x08001151   Thumb Code    74  sys_stackheap_outer.o(.text)
    __rt_ctype_table                         0x0800119d   Thumb Code    16  rt_ctype_table.o(.text)
    __read_errno                             0x080011ad   Thumb Code    10  _rserrno.o(.text)
    __set_errno                              0x080011b7   Thumb Code    12  _rserrno.o(.text)
    _scanf_really_hex_real                   0x080011c5   Thumb Code   786  scanf_hexfp.o(.text)
    _scanf_really_infnan                     0x080014e5   Thumb Code   292  scanf_infnan.o(.text)
    exit                                     0x08001619   Thumb Code    18  exit.o(.text)
    strcmp                                   0x0800162d   Thumb Code   128  strcmpv7m.o(.text)
    __aeabi_llsl                             0x080016ad   Thumb Code     0  llshl.o(.text)
    _ll_shift_l                              0x080016ad   Thumb Code    38  llshl.o(.text)
    _sys_exit                                0x080016d5   Thumb Code     8  sys_exit.o(.text)
    __I$use$semihosting                      0x080016e1   Thumb Code     0  use_no_semi.o(.text)
    __use_no_semihosting_swi                 0x080016e1   Thumb Code     2  use_no_semi.o(.text)
    __btod_div_common                        0x080016e3   Thumb Code   696  btod.o(CL$$btod_div_common)
    __semihosting_library_function           0x080016e3   Thumb Code     0  indicate_semi.o(.text)
    _e2d                                     0x08001a1d   Thumb Code   122  btod.o(CL$$btod_e2d)
    _e2e                                     0x08001aa1   Thumb Code   220  btod.o(CL$$btod_e2e)
    _btod_ediv                               0x08001b7d   Thumb Code    42  btod.o(CL$$btod_ediv)
    _btod_edivd                              0x08001ba7   Thumb Code    42  btod.o(CL$$btod_edivd)
    _btod_emul                               0x08001bd1   Thumb Code    42  btod.o(CL$$btod_emul)
    _btod_emuld                              0x08001bfb   Thumb Code    42  btod.o(CL$$btod_emuld)
    __btod_mult_common                       0x08001c25   Thumb Code   580  btod.o(CL$$btod_mult_common)
    BusFault_Handler                         0x08001e69   Thumb Code     4  stm32f10x_it.o(i.BusFault_Handler)
    DebugMon_Handler                         0x08001e6d   Thumb Code     2  stm32f10x_it.o(i.DebugMon_Handler)
    Delay_Init                               0x08001e71   Thumb Code    50  delay.o(i.Delay_Init)
    Delay_ms                                 0x08001eb5   Thumb Code    72  delay.o(i.Delay_ms)
    Display_function                         0x08001f01   Thumb Code   136  main.o(i.Display_function)
    GPIO_Init                                0x08001fe5   Thumb Code   278  stm32f10x_gpio.o(i.GPIO_Init)
    GPIO_ReadInputDataBit                    0x080020fb   Thumb Code    18  stm32f10x_gpio.o(i.GPIO_ReadInputDataBit)
    GPIO_ResetBits                           0x0800210d   Thumb Code     4  stm32f10x_gpio.o(i.GPIO_ResetBits)
    GPIO_SetBits                             0x08002111   Thumb Code     4  stm32f10x_gpio.o(i.GPIO_SetBits)
    Gpio_Init                                0x08002115   Thumb Code    48  gpio.o(i.Gpio_Init)
    HardFault_Handler                        0x08002149   Thumb Code     4  stm32f10x_it.o(i.HardFault_Handler)
    Manage_function                          0x0800214d   Thumb Code   554  main.o(i.Manage_function)
    MemManage_Handler                        0x0800247d   Thumb Code     4  stm32f10x_it.o(i.MemManage_Handler)
    NMI_Handler                              0x08002481   Thumb Code     2  stm32f10x_it.o(i.NMI_Handler)
    NVIC_Init                                0x08002485   Thumb Code   100  misc.o(i.NVIC_Init)
    NVIC_PriorityGroupConfig                 0x080024f5   Thumb Code    10  misc.o(i.NVIC_PriorityGroupConfig)
    Oled_Clear_All                           0x08002509   Thumb Code    56  oled.o(i.Oled_Clear_All)
    Oled_Delay                               0x08002541   Thumb Code    12  oled.o(i.Oled_Delay)
    Oled_IIC_Start                           0x0800254d   Thumb Code    52  oled.o(i.Oled_IIC_Start)
    Oled_IIC_Stop                            0x08002589   Thumb Code    36  oled.o(i.Oled_IIC_Stop)
    Oled_Init                                0x080025b5   Thumb Code   240  oled.o(i.Oled_Init)
    Oled_Set_Pos                             0x080026a9   Thumb Code    40  oled.o(i.Oled_Set_Pos)
    Oled_ShowCHinese                         0x080026d1   Thumb Code   178  oled.o(i.Oled_ShowCHinese)
    Oled_ShowChar                            0x08002789   Thumb Code    86  oled.o(i.Oled_ShowChar)
    Oled_ShowString                          0x080027e5   Thumb Code    62  oled.o(i.Oled_ShowString)
    Oled_Write_IIC_Byte                      0x08002825   Thumb Code   122  oled.o(i.Oled_Write_IIC_Byte)
    Oled_Write_IIC_Com                       0x080028ad   Thumb Code    32  oled.o(i.Oled_Write_IIC_Com)
    Oled_Write_IIC_Dat                       0x080028cd   Thumb Code    32  oled.o(i.Oled_Write_IIC_Dat)
    PendSV_Handler                           0x080028ed   Thumb Code     2  stm32f10x_it.o(i.PendSV_Handler)
    RCC_APB1PeriphClockCmd                   0x080028f1   Thumb Code    26  stm32f10x_rcc.o(i.RCC_APB1PeriphClockCmd)
    RCC_APB2PeriphClockCmd                   0x08002911   Thumb Code    26  stm32f10x_rcc.o(i.RCC_APB2PeriphClockCmd)
    RCC_GetClocksFreq                        0x08002931   Thumb Code   192  stm32f10x_rcc.o(i.RCC_GetClocksFreq)
    SVC_Handler                              0x08002a05   Thumb Code     2  stm32f10x_it.o(i.SVC_Handler)
    Set_AC_Cool                              0x08002af1   Thumb Code    26  gpio.o(i.Set_AC_Cool)
    Set_AC_Heat                              0x08002b11   Thumb Code    26  gpio.o(i.Set_AC_Heat)
    Set_Buzzer                               0x08002b31   Thumb Code    26  gpio.o(i.Set_Buzzer)
    Set_Fan_Relay                            0x08002b51   Thumb Code    26  gpio.o(i.Set_Fan_Relay)
    Set_Humidifier                           0x08002b71   Thumb Code    26  gpio.o(i.Set_Humidifier)
    Set_Light                                0x08002b91   Thumb Code    26  gpio.o(i.Set_Light)
    SysTick_CLKSourceConfig                  0x08002bb1   Thumb Code    40  misc.o(i.SysTick_CLKSourceConfig)
    SysTick_Handler                          0x08002bd9   Thumb Code     2  stm32f10x_it.o(i.SysTick_Handler)
    SystemInit                               0x08002bdd   Thumb Code    78  system_stm32f10x.o(i.SystemInit)
    TIM3_IRQHandler                          0x08002c3d   Thumb Code    32  timer.o(i.TIM3_IRQHandler)
    TIM3_Init                                0x08002c65   Thumb Code    90  timer.o(i.TIM3_Init)
    TIM_ClearITPendingBit                    0x08002cc5   Thumb Code     6  stm32f10x_tim.o(i.TIM_ClearITPendingBit)
    TIM_Cmd                                  0x08002ccb   Thumb Code    24  stm32f10x_tim.o(i.TIM_Cmd)
    TIM_GetITStatus                          0x08002ce3   Thumb Code    34  stm32f10x_tim.o(i.TIM_GetITStatus)
    TIM_ITConfig                             0x08002d05   Thumb Code    18  stm32f10x_tim.o(i.TIM_ITConfig)
    TIM_TimeBaseInit                         0x08002d19   Thumb Code   122  stm32f10x_tim.o(i.TIM_TimeBaseInit)
    USART1_Clear                             0x08002dbd   Thumb Code    20  main.o(i.USART1_Clear)
    USART1_IRQHandler                        0x08002dd9   Thumb Code    62  main.o(i.USART1_IRQHandler)
    USART1_WaitRecive                        0x08002e25   Thumb Code    42  main.o(i.USART1_WaitRecive)
    USART2_IRQHandler                        0x08002e59   Thumb Code    62  main.o(i.USART2_IRQHandler)
    USART_ClearFlag                          0x08002ea5   Thumb Code    18  stm32f10x_usart.o(i.USART_ClearFlag)
    USART_Cmd                                0x08002eb7   Thumb Code    24  stm32f10x_usart.o(i.USART_Cmd)
    USART_GetFlagStatus                      0x08002ecf   Thumb Code    26  stm32f10x_usart.o(i.USART_GetFlagStatus)
    USART_GetITStatus                        0x08002ee9   Thumb Code    84  stm32f10x_usart.o(i.USART_GetITStatus)
    USART_ITConfig                           0x08002f3d   Thumb Code    74  stm32f10x_usart.o(i.USART_ITConfig)
    USART_Init                               0x08002f89   Thumb Code   210  stm32f10x_usart.o(i.USART_Init)
    USART_SendData                           0x08003061   Thumb Code     8  stm32f10x_usart.o(i.USART_SendData)
    UsageFault_Handler                       0x08003069   Thumb Code     4  stm32f10x_it.o(i.UsageFault_Handler)
    Usart1_Init                              0x0800306d   Thumb Code   166  main.o(i.Usart1_Init)
    Usart_SendString                         0x0800311d   Thumb Code    50  main.o(i.Usart_SendString)
    __mathlib_dbl_overflow                   0x0800314f   Thumb Code    14  dunder.o(i.__mathlib_dbl_overflow)
    __mathlib_dbl_underflow                  0x0800315d   Thumb Code    10  dunder.o(i.__mathlib_dbl_underflow)
    __mathlib_narrow                         0x0800316d   Thumb Code    16  narrow.o(i.__mathlib_narrow)
    __mathlib_tofloat                        0x0800317d   Thumb Code   184  narrow.o(i.__mathlib_tofloat)
    __support_ldexp                          0x08003239   Thumb Code    22  ldexp.o(i.__support_ldexp)
    _is_digit                                0x0800324f   Thumb Code    14  __printf_wp.o(i._is_digit)
    frexp                                    0x0800325d   Thumb Code    80  frexp.o(i.frexp)
    handle_auto_mode                         0x080032b5   Thumb Code   228  main.o(i.handle_auto_mode)
    ldexp                                    0x080033bd   Thumb Code   116  ldexp.o(i.ldexp)
    main                                     0x08003431   Thumb Code    70  main.o(i.main)
    _get_lc_numeric                          0x08003479   Thumb Code    44  lc_numeric_c.o(locale$$code)
    _get_lc_ctype                            0x080034a5   Thumb Code    44  lc_ctype_c.o(locale$$code)
    __aeabi_d2f                              0x080034d1   Thumb Code     0  d2f.o(x$fpl$d2f)
    _d2f                                     0x080034d1   Thumb Code    98  d2f.o(x$fpl$d2f)
    __fpl_dcheck_NaN1                        0x08003535   Thumb Code    10  dcheck1.o(x$fpl$dcheck1)
    __fpl_dcmp_Inf                           0x08003545   Thumb Code    24  dcmpi.o(x$fpl$dcmpinf)
    __aeabi_cdcmpeq                          0x0800355d   Thumb Code     0  deqf.o(x$fpl$deqf)
    _dcmpeq                                  0x0800355d   Thumb Code   120  deqf.o(x$fpl$deqf)
    __aeabi_cdcmple                          0x080035d5   Thumb Code     0  dleqf.o(x$fpl$dleqf)
    _dcmple                                  0x080035d5   Thumb Code   120  dleqf.o(x$fpl$dleqf)
    __fpl_dcmple_InfNaN                      0x08003637   Thumb Code     0  dleqf.o(x$fpl$dleqf)
    __fpl_dnaninf                            0x0800364d   Thumb Code   156  dnaninf.o(x$fpl$dnaninf)
    __aeabi_cdrcmple                         0x080036e9   Thumb Code     0  drleqf.o(x$fpl$drleqf)
    _drcmple                                 0x080036e9   Thumb Code   108  drleqf.o(x$fpl$drleqf)
    __aeabi_fadd                             0x08003755   Thumb Code     0  faddsub_clz.o(x$fpl$fadd)
    _fadd                                    0x08003755   Thumb Code   196  faddsub_clz.o(x$fpl$fadd)
    __aeabi_f2iz                             0x08003819   Thumb Code     0  ffix.o(x$fpl$ffix)
    _ffix                                    0x08003819   Thumb Code    54  ffix.o(x$fpl$ffix)
    __aeabi_i2f                              0x08003851   Thumb Code     0  fflt_clz.o(x$fpl$fflt)
    _fflt                                    0x08003851   Thumb Code    48  fflt_clz.o(x$fpl$fflt)
    __aeabi_fmul                             0x08003881   Thumb Code     0  fmul.o(x$fpl$fmul)
    _fmul                                    0x08003881   Thumb Code   258  fmul.o(x$fpl$fmul)
    __fpl_fnaninf                            0x08003983   Thumb Code   140  fnaninf.o(x$fpl$fnaninf)
    __fpl_fretinf                            0x08003a0f   Thumb Code    10  fretinf.o(x$fpl$fretinf)
    __aeabi_frsub                            0x08003a19   Thumb Code     0  faddsub_clz.o(x$fpl$frsb)
    _frsb                                    0x08003a19   Thumb Code    20  faddsub_clz.o(x$fpl$frsb)
    __aeabi_fsub                             0x08003a2d   Thumb Code     0  faddsub_clz.o(x$fpl$fsub)
    _fsub                                    0x08003a2d   Thumb Code   234  faddsub_clz.o(x$fpl$fsub)
    __ieee_status                            0x08003b17   Thumb Code     6  istatus.o(x$fpl$ieeestatus)
    __fpl_return_NaN                         0x08003b1d   Thumb Code   100  retnan.o(x$fpl$retnan)
    __ARM_scalbn                             0x08003b81   Thumb Code    92  scalbn.o(x$fpl$scalbn)
    _scanf_real                              0x08003bdd   Thumb Code     4  scanf1.o(x$fpl$scanf1)
    _scanf_hex_real                          0x08003be1   Thumb Code     4  scanf2.o(x$fpl$scanf2)
    _scanf_infnan                            0x08003be5   Thumb Code     4  scanf2.o(x$fpl$scanf2)
    __fpl_cmpreturn                          0x08003be9   Thumb Code    48  trapv.o(x$fpl$trapveneer)
    OLED_F8X16                               0x08003c18   Data        1520  oled.o(.constdata)
    __I$use$fp                               0x08003c18   Number         0  usenofp.o(x$fpl$usenofp)
    OLED_HZK                                 0x08004208   Data        1224  oled.o(.constdata)
    Region$$Table$$Base                      0x08004778   Number         0  anon$$obj.o(Region$$Table)
    Region$$Table$$Limit                     0x08004798   Number         0  anon$$obj.o(Region$$Table)
    __aeabi_HUGE_VAL                         0x08004798   Data           0  fpconst.o(c$$dinf)
    __aeabi_HUGE_VALL                        0x08004798   Data           0  fpconst.o(c$$dinf)
    __aeabi_INFINITY                         0x08004798   Data           0  fpconst.o(c$$dinf)
    __dInf                                   0x08004798   Data           0  fpconst.o(c$$dinf)
    __huge_val                               0x08004798   Data           0  fpconst.o(c$$dinf)
    __dbl_max                                0x080047a0   Data           0  fpconst.o(c$$dmax)
    __ctype                                  0x080047d1   Data           0  lc_ctype_c.o(locale$$data)
    count                                    0x20000000   Data           4  main.o(.data)
    usart1_cnt                               0x20000004   Data           4  main.o(.data)
    usart1_cntPre                            0x20000008   Data           4  main.o(.data)
    usart2_cnt                               0x2000000c   Data           4  main.o(.data)
    usart2_cntPre                            0x20000010   Data           4  main.o(.data)
    received_temp                            0x20000014   Data           4  main.o(.data)
    temp_high                                0x20000018   Data           4  main.o(.data)
    temp_low                                 0x2000001c   Data           4  main.o(.data)
    hum                                      0x20000020   Data           4  main.o(.data)
    light                                    0x20000024   Data           4  main.o(.data)
    co2                                      0x20000028   Data           4  main.o(.data)
    smoke                                    0x2000002c   Data           4  main.o(.data)
    acStatus                                 0x20000030   Data           4  main.o(.data)
    buzzerStatus                             0x20000034   Data           4  main.o(.data)
    relayStatus                              0x20000038   Data           4  main.o(.data)
    humStatus                                0x2000003c   Data           4  main.o(.data)
    lightStatus                              0x20000040   Data           4  main.o(.data)
    modeStatus                               0x20000044   Data           4  main.o(.data)
    value                                    0x20000048   Data           4  main.o(.data)
    SystemCoreClock                          0x2000004c   Data           4  system_stm32f10x.o(.data)
    AHBPrescTable                            0x20000050   Data          16  system_stm32f10x.o(.data)
    usart1_buf                               0x20000078   Data         256  main.o(.bss)
    usart2_buf                               0x20000178   Data         256  main.o(.bss)
    display_buf                              0x20000278   Data          32  main.o(.bss)
    __libspace_start                         0x20000298   Data          96  libspace.o(.bss)
    __temporary_stack_top$libspace           0x200002f8   Data           0  libspace.o(.bss)



==============================================================================

Memory Map of the image

  Image Entry point : 0x080000ed

  Load Region LR_IROM1 (Base: 0x08000000, Size: 0x0000494c, Max: 0x00010000, ABSOLUTE)

    Execution Region ER_IROM1 (Exec base: 0x08000000, Load base: 0x08000000, Size: 0x000048d4, Max: 0x00010000, ABSOLUTE)

    Exec Addr    Load Addr    Size         Type   Attr      Idx    E Section Name        Object

    0x08000000   0x08000000   0x000000ec   Data   RO          568    RESET               startup_stm32f10x_md.o
    0x080000ec   0x080000ec   0x00000008   Code   RO         2979  * !!!main             c_w.l(__main.o)
    0x080000f4   0x080000f4   0x00000034   Code   RO         3399    !!!scatter          c_w.l(__scatter.o)
    0x08000128   0x08000128   0x0000001a   Code   RO         3401    !!handler_copy      c_w.l(__scatter_copy.o)
    0x08000142   0x08000142   0x00000002   PAD
    0x08000144   0x08000144   0x0000001c   Code   RO         3403    !!handler_zi        c_w.l(__scatter_zi.o)
    0x08000160   0x08000160   0x00000000   Code   RO         2968    .ARM.Collect$$_printf_percent$$00000000  c_w.l(_printf_percent.o)
    0x08000160   0x08000160   0x00000006   Code   RO         2967    .ARM.Collect$$_printf_percent$$00000009  c_w.l(_printf_d.o)
    0x08000166   0x08000166   0x00000004   Code   RO         3062    .ARM.Collect$$_printf_percent$$00000017  c_w.l(_printf_percent_end.o)
    0x0800016a   0x0800016a   0x00000002   Code   RO         3200    .ARM.Collect$$libinit$$00000000  c_w.l(libinit.o)
    0x0800016c   0x0800016c   0x00000000   Code   RO         3202    .ARM.Collect$$libinit$$00000002  c_w.l(libinit2.o)
    0x0800016c   0x0800016c   0x00000000   Code   RO         3204    .ARM.Collect$$libinit$$00000004  c_w.l(libinit2.o)
    0x0800016c   0x0800016c   0x00000000   Code   RO         3207    .ARM.Collect$$libinit$$0000000A  c_w.l(libinit2.o)
    0x0800016c   0x0800016c   0x00000000   Code   RO         3209    .ARM.Collect$$libinit$$0000000C  c_w.l(libinit2.o)
    0x0800016c   0x0800016c   0x00000000   Code   RO         3211    .ARM.Collect$$libinit$$0000000E  c_w.l(libinit2.o)
    0x0800016c   0x0800016c   0x00000006   Code   RO         3212    .ARM.Collect$$libinit$$0000000F  c_w.l(libinit2.o)
    0x08000172   0x08000172   0x00000000   Code   RO         3214    .ARM.Collect$$libinit$$00000011  c_w.l(libinit2.o)
    0x08000172   0x08000172   0x0000000c   Code   RO         3215    .ARM.Collect$$libinit$$00000012  c_w.l(libinit2.o)
    0x0800017e   0x0800017e   0x00000000   Code   RO         3216    .ARM.Collect$$libinit$$00000013  c_w.l(libinit2.o)
    0x0800017e   0x0800017e   0x00000000   Code   RO         3218    .ARM.Collect$$libinit$$00000015  c_w.l(libinit2.o)
    0x0800017e   0x0800017e   0x0000000a   Code   RO         3219    .ARM.Collect$$libinit$$00000016  c_w.l(libinit2.o)
    0x08000188   0x08000188   0x00000000   Code   RO         3220    .ARM.Collect$$libinit$$00000017  c_w.l(libinit2.o)
    0x08000188   0x08000188   0x00000000   Code   RO         3222    .ARM.Collect$$libinit$$00000019  c_w.l(libinit2.o)
    0x08000188   0x08000188   0x00000000   Code   RO         3224    .ARM.Collect$$libinit$$0000001B  c_w.l(libinit2.o)
    0x08000188   0x08000188   0x00000000   Code   RO         3226    .ARM.Collect$$libinit$$0000001D  c_w.l(libinit2.o)
    0x08000188   0x08000188   0x00000000   Code   RO         3228    .ARM.Collect$$libinit$$0000001F  c_w.l(libinit2.o)
    0x08000188   0x08000188   0x00000000   Code   RO         3230    .ARM.Collect$$libinit$$00000021  c_w.l(libinit2.o)
    0x08000188   0x08000188   0x00000000   Code   RO         3232    .ARM.Collect$$libinit$$00000023  c_w.l(libinit2.o)
    0x08000188   0x08000188   0x00000000   Code   RO         3234    .ARM.Collect$$libinit$$00000025  c_w.l(libinit2.o)
    0x08000188   0x08000188   0x00000000   Code   RO         3238    .ARM.Collect$$libinit$$0000002C  c_w.l(libinit2.o)
    0x08000188   0x08000188   0x00000000   Code   RO         3240    .ARM.Collect$$libinit$$0000002E  c_w.l(libinit2.o)
    0x08000188   0x08000188   0x00000000   Code   RO         3242    .ARM.Collect$$libinit$$00000030  c_w.l(libinit2.o)
    0x08000188   0x08000188   0x00000000   Code   RO         3244    .ARM.Collect$$libinit$$00000032  c_w.l(libinit2.o)
    0x08000188   0x08000188   0x00000002   Code   RO         3245    .ARM.Collect$$libinit$$00000033  c_w.l(libinit2.o)
    0x0800018a   0x0800018a   0x00000002   Code   RO         3329    .ARM.Collect$$libshutdown$$00000000  c_w.l(libshutdown.o)
    0x0800018c   0x0800018c   0x00000000   Code   RO         3354    .ARM.Collect$$libshutdown$$00000002  c_w.l(libshutdown2.o)
    0x0800018c   0x0800018c   0x00000000   Code   RO         3356    .ARM.Collect$$libshutdown$$00000004  c_w.l(libshutdown2.o)
    0x0800018c   0x0800018c   0x00000000   Code   RO         3359    .ARM.Collect$$libshutdown$$00000007  c_w.l(libshutdown2.o)
    0x0800018c   0x0800018c   0x00000000   Code   RO         3362    .ARM.Collect$$libshutdown$$0000000A  c_w.l(libshutdown2.o)
    0x0800018c   0x0800018c   0x00000000   Code   RO         3364    .ARM.Collect$$libshutdown$$0000000C  c_w.l(libshutdown2.o)
    0x0800018c   0x0800018c   0x00000000   Code   RO         3367    .ARM.Collect$$libshutdown$$0000000F  c_w.l(libshutdown2.o)
    0x0800018c   0x0800018c   0x00000002   Code   RO         3368    .ARM.Collect$$libshutdown$$00000010  c_w.l(libshutdown2.o)
    0x0800018e   0x0800018e   0x00000000   Code   RO         3001    .ARM.Collect$$rtentry$$00000000  c_w.l(__rtentry.o)
    0x0800018e   0x0800018e   0x00000000   Code   RO         3090    .ARM.Collect$$rtentry$$00000002  c_w.l(__rtentry2.o)
    0x0800018e   0x0800018e   0x00000006   Code   RO         3102    .ARM.Collect$$rtentry$$00000004  c_w.l(__rtentry4.o)
    0x08000194   0x08000194   0x00000000   Code   RO         3092    .ARM.Collect$$rtentry$$00000009  c_w.l(__rtentry2.o)
    0x08000194   0x08000194   0x00000004   Code   RO         3093    .ARM.Collect$$rtentry$$0000000A  c_w.l(__rtentry2.o)
    0x08000198   0x08000198   0x00000000   Code   RO         3095    .ARM.Collect$$rtentry$$0000000C  c_w.l(__rtentry2.o)
    0x08000198   0x08000198   0x00000008   Code   RO         3096    .ARM.Collect$$rtentry$$0000000D  c_w.l(__rtentry2.o)
    0x080001a0   0x080001a0   0x00000002   Code   RO         3258    .ARM.Collect$$rtexit$$00000000  c_w.l(rtexit.o)
    0x080001a2   0x080001a2   0x00000000   Code   RO         3290    .ARM.Collect$$rtexit$$00000002  c_w.l(rtexit2.o)
    0x080001a2   0x080001a2   0x00000004   Code   RO         3291    .ARM.Collect$$rtexit$$00000003  c_w.l(rtexit2.o)
    0x080001a6   0x080001a6   0x00000006   Code   RO         3292    .ARM.Collect$$rtexit$$00000004  c_w.l(rtexit2.o)
    0x080001ac   0x080001ac   0x00000040   Code   RO          569    .text               startup_stm32f10x_md.o
    0x080001ec   0x080001ec   0x0000002c   Code   RO         2939    .text               c_w.l(__2sprintf.o)
    0x08000218   0x08000218   0x00000078   Code   RO         2945    .text               c_w.l(_printf_dec.o)
    0x08000290   0x08000290   0x00000188   Code   RO         2964    .text               c_w.l(__printf_flags_ss_wp.o)
    0x08000418   0x08000418   0x0000003c   Code   RO         2969    .text               c_w.l(__0sscanf.o)
    0x08000454   0x08000454   0x0000014c   Code   RO         2971    .text               c_w.l(_scanf_int.o)
    0x080005a0   0x080005a0   0x00000024   Code   RO         2973    .text               c_w.l(strstr.o)
    0x080005c4   0x080005c4   0x00000044   Code   RO         2975    .text               c_w.l(rt_memclr.o)
    0x08000608   0x08000608   0x00000006   Code   RO         2977    .text               c_w.l(heapauxi.o)
    0x0800060e   0x0800060e   0x000000b2   Code   RO         3008    .text               c_w.l(_printf_intcommon.o)
    0x080006c0   0x080006c0   0x00000030   Code   RO         3012    .text               c_w.l(_printf_char_common.o)
    0x080006f0   0x080006f0   0x0000000a   Code   RO         3014    .text               c_w.l(_sputc.o)
    0x080006fa   0x080006fa   0x0000001c   Code   RO         3072    .text               c_w.l(_chval.o)
    0x08000716   0x08000716   0x00000002   PAD
    0x08000718   0x08000718   0x000004f8   Code   RO         3074    .text               c_w.l(scanf_fp.o)
    0x08000c10   0x08000c10   0x0000002c   Code   RO         3076    .text               c_w.l(scanf_char.o)
    0x08000c3c   0x08000c3c   0x00000040   Code   RO         3078    .text               c_w.l(_sgetc.o)
    0x08000c7c   0x08000c7c   0x0000004e   Code   RO         3080    .text               c_w.l(rt_memclr_w.o)
    0x08000cca   0x08000cca   0x00000002   PAD
    0x08000ccc   0x08000ccc   0x00000008   Code   RO         3107    .text               c_w.l(rt_locale_intlibspace.o)
    0x08000cd4   0x08000cd4   0x00000008   Code   RO         3112    .text               c_w.l(rt_errno_addr_intlibspace.o)
    0x08000cdc   0x08000cdc   0x00000012   Code   RO         3116    .text               c_w.l(isspace.o)
    0x08000cee   0x08000cee   0x00000002   PAD
    0x08000cf0   0x08000cf0   0x00000374   Code   RO         3126    .text               c_w.l(_scanf.o)
    0x08001064   0x08001064   0x000000e4   Code   RO         3128    .text               c_w.l(bigflt0.o)
    0x08001148   0x08001148   0x00000008   Code   RO         3176    .text               c_w.l(libspace.o)
    0x08001150   0x08001150   0x0000004a   Code   RO         3179    .text               c_w.l(sys_stackheap_outer.o)
    0x0800119a   0x0800119a   0x00000002   PAD
    0x0800119c   0x0800119c   0x00000010   Code   RO         3181    .text               c_w.l(rt_ctype_table.o)
    0x080011ac   0x080011ac   0x00000016   Code   RO         3183    .text               c_w.l(_rserrno.o)
    0x080011c2   0x080011c2   0x00000002   PAD
    0x080011c4   0x080011c4   0x00000320   Code   RO         3187    .text               c_w.l(scanf_hexfp.o)
    0x080014e4   0x080014e4   0x00000134   Code   RO         3189    .text               c_w.l(scanf_infnan.o)
    0x08001618   0x08001618   0x00000012   Code   RO         3191    .text               c_w.l(exit.o)
    0x0800162a   0x0800162a   0x00000002   PAD
    0x0800162c   0x0800162c   0x00000080   Code   RO         3193    .text               c_w.l(strcmpv7m.o)
    0x080016ac   0x080016ac   0x00000026   Code   RO         3260    .text               c_w.l(llshl.o)
    0x080016d2   0x080016d2   0x00000002   PAD
    0x080016d4   0x080016d4   0x0000000c   Code   RO         3319    .text               c_w.l(sys_exit.o)
    0x080016e0   0x080016e0   0x00000002   Code   RO         3344    .text               c_w.l(use_no_semi.o)
    0x080016e2   0x080016e2   0x00000000   Code   RO         3346    .text               c_w.l(indicate_semi.o)
    0x080016e2   0x080016e2   0x00000338   Code   RO         3141    CL$$btod_div_common  c_w.l(btod.o)
    0x08001a1a   0x08001a1a   0x00000002   PAD
    0x08001a1c   0x08001a1c   0x00000084   Code   RO         3139    CL$$btod_e2d        c_w.l(btod.o)
    0x08001aa0   0x08001aa0   0x000000dc   Code   RO         3138    CL$$btod_e2e        c_w.l(btod.o)
    0x08001b7c   0x08001b7c   0x0000002a   Code   RO         3135    CL$$btod_ediv       c_w.l(btod.o)
    0x08001ba6   0x08001ba6   0x0000002a   Code   RO         3137    CL$$btod_edivd      c_w.l(btod.o)
    0x08001bd0   0x08001bd0   0x0000002a   Code   RO         3134    CL$$btod_emul       c_w.l(btod.o)
    0x08001bfa   0x08001bfa   0x0000002a   Code   RO         3136    CL$$btod_emuld      c_w.l(btod.o)
    0x08001c24   0x08001c24   0x00000244   Code   RO         3140    CL$$btod_mult_common  c_w.l(btod.o)
    0x08001e68   0x08001e68   0x00000004   Code   RO          215    i.BusFault_Handler  stm32f10x_it.o
    0x08001e6c   0x08001e6c   0x00000002   Code   RO          216    i.DebugMon_Handler  stm32f10x_it.o
    0x08001e6e   0x08001e6e   0x00000002   PAD
    0x08001e70   0x08001e70   0x00000044   Code   RO          501    i.Delay_Init        delay.o
    0x08001eb4   0x08001eb4   0x0000004c   Code   RO          502    i.Delay_ms          delay.o
    0x08001f00   0x08001f00   0x000000e4   Code   RO            1    i.Display_function  main.o
    0x08001fe4   0x08001fe4   0x00000116   Code   RO          891    i.GPIO_Init         stm32f10x_gpio.o
    0x080020fa   0x080020fa   0x00000012   Code   RO          895    i.GPIO_ReadInputDataBit  stm32f10x_gpio.o
    0x0800210c   0x0800210c   0x00000004   Code   RO          898    i.GPIO_ResetBits    stm32f10x_gpio.o
    0x08002110   0x08002110   0x00000004   Code   RO          899    i.GPIO_SetBits      stm32f10x_gpio.o
    0x08002114   0x08002114   0x00000034   Code   RO          340    i.Gpio_Init         gpio.o
    0x08002148   0x08002148   0x00000004   Code   RO          217    i.HardFault_Handler  stm32f10x_it.o
    0x0800214c   0x0800214c   0x00000330   Code   RO            2    i.Manage_function   main.o
    0x0800247c   0x0800247c   0x00000004   Code   RO          218    i.MemManage_Handler  stm32f10x_it.o
    0x08002480   0x08002480   0x00000002   Code   RO          219    i.NMI_Handler       stm32f10x_it.o
    0x08002482   0x08002482   0x00000002   PAD
    0x08002484   0x08002484   0x00000070   Code   RO          573    i.NVIC_Init         misc.o
    0x080024f4   0x080024f4   0x00000014   Code   RO          574    i.NVIC_PriorityGroupConfig  misc.o
    0x08002508   0x08002508   0x00000038   Code   RO          398    i.Oled_Clear_All    oled.o
    0x08002540   0x08002540   0x0000000c   Code   RO          399    i.Oled_Delay        oled.o
    0x0800254c   0x0800254c   0x0000003c   Code   RO          400    i.Oled_IIC_Start    oled.o
    0x08002588   0x08002588   0x0000002c   Code   RO          401    i.Oled_IIC_Stop     oled.o
    0x080025b4   0x080025b4   0x000000f4   Code   RO          402    i.Oled_Init         oled.o
    0x080026a8   0x080026a8   0x00000028   Code   RO          403    i.Oled_Set_Pos      oled.o
    0x080026d0   0x080026d0   0x000000b8   Code   RO          404    i.Oled_ShowCHinese  oled.o
    0x08002788   0x08002788   0x0000005c   Code   RO          405    i.Oled_ShowChar     oled.o
    0x080027e4   0x080027e4   0x0000003e   Code   RO          406    i.Oled_ShowString   oled.o
    0x08002822   0x08002822   0x00000002   PAD
    0x08002824   0x08002824   0x00000088   Code   RO          407    i.Oled_Write_IIC_Byte  oled.o
    0x080028ac   0x080028ac   0x00000020   Code   RO          408    i.Oled_Write_IIC_Com  oled.o
    0x080028cc   0x080028cc   0x00000020   Code   RO          409    i.Oled_Write_IIC_Dat  oled.o
    0x080028ec   0x080028ec   0x00000002   Code   RO          220    i.PendSV_Handler    stm32f10x_it.o
    0x080028ee   0x080028ee   0x00000002   PAD
    0x080028f0   0x080028f0   0x00000020   Code   RO         1379    i.RCC_APB1PeriphClockCmd  stm32f10x_rcc.o
    0x08002910   0x08002910   0x00000020   Code   RO         1381    i.RCC_APB2PeriphClockCmd  stm32f10x_rcc.o
    0x08002930   0x08002930   0x000000d4   Code   RO         1389    i.RCC_GetClocksFreq  stm32f10x_rcc.o
    0x08002a04   0x08002a04   0x00000002   Code   RO          221    i.SVC_Handler       stm32f10x_it.o
    0x08002a06   0x08002a06   0x00000008   Code   RO          304    i.SetSysClock       system_stm32f10x.o
    0x08002a0e   0x08002a0e   0x00000002   PAD
    0x08002a10   0x08002a10   0x000000e0   Code   RO          305    i.SetSysClockTo72   system_stm32f10x.o
    0x08002af0   0x08002af0   0x00000020   Code   RO          341    i.Set_AC_Cool       gpio.o
    0x08002b10   0x08002b10   0x00000020   Code   RO          342    i.Set_AC_Heat       gpio.o
    0x08002b30   0x08002b30   0x00000020   Code   RO          343    i.Set_Buzzer        gpio.o
    0x08002b50   0x08002b50   0x00000020   Code   RO          344    i.Set_Fan_Relay     gpio.o
    0x08002b70   0x08002b70   0x00000020   Code   RO          345    i.Set_Humidifier    gpio.o
    0x08002b90   0x08002b90   0x00000020   Code   RO          346    i.Set_Light         gpio.o
    0x08002bb0   0x08002bb0   0x00000028   Code   RO          577    i.SysTick_CLKSourceConfig  misc.o
    0x08002bd8   0x08002bd8   0x00000002   Code   RO          222    i.SysTick_Handler   stm32f10x_it.o
    0x08002bda   0x08002bda   0x00000002   PAD
    0x08002bdc   0x08002bdc   0x00000060   Code   RO          307    i.SystemInit        system_stm32f10x.o
    0x08002c3c   0x08002c3c   0x00000028   Code   RO          482    i.TIM3_IRQHandler   timer.o
    0x08002c64   0x08002c64   0x00000060   Code   RO          483    i.TIM3_Init         timer.o
    0x08002cc4   0x08002cc4   0x00000006   Code   RO         1864    i.TIM_ClearITPendingBit  stm32f10x_tim.o
    0x08002cca   0x08002cca   0x00000018   Code   RO         1869    i.TIM_Cmd           stm32f10x_tim.o
    0x08002ce2   0x08002ce2   0x00000022   Code   RO         1890    i.TIM_GetITStatus   stm32f10x_tim.o
    0x08002d04   0x08002d04   0x00000012   Code   RO         1894    i.TIM_ITConfig      stm32f10x_tim.o
    0x08002d16   0x08002d16   0x00000002   PAD
    0x08002d18   0x08002d18   0x000000a4   Code   RO         1940    i.TIM_TimeBaseInit  stm32f10x_tim.o
    0x08002dbc   0x08002dbc   0x0000001c   Code   RO            3    i.USART1_Clear      main.o
    0x08002dd8   0x08002dd8   0x0000004c   Code   RO            4    i.USART1_IRQHandler  main.o
    0x08002e24   0x08002e24   0x00000034   Code   RO            5    i.USART1_WaitRecive  main.o
    0x08002e58   0x08002e58   0x0000004c   Code   RO            7    i.USART2_IRQHandler  main.o
    0x08002ea4   0x08002ea4   0x00000012   Code   RO         2401    i.USART_ClearFlag   stm32f10x_usart.o
    0x08002eb6   0x08002eb6   0x00000018   Code   RO         2405    i.USART_Cmd         stm32f10x_usart.o
    0x08002ece   0x08002ece   0x0000001a   Code   RO         2408    i.USART_GetFlagStatus  stm32f10x_usart.o
    0x08002ee8   0x08002ee8   0x00000054   Code   RO         2409    i.USART_GetITStatus  stm32f10x_usart.o
    0x08002f3c   0x08002f3c   0x0000004a   Code   RO         2411    i.USART_ITConfig    stm32f10x_usart.o
    0x08002f86   0x08002f86   0x00000002   PAD
    0x08002f88   0x08002f88   0x000000d8   Code   RO         2412    i.USART_Init        stm32f10x_usart.o
    0x08003060   0x08003060   0x00000008   Code   RO         2422    i.USART_SendData    stm32f10x_usart.o
    0x08003068   0x08003068   0x00000004   Code   RO          223    i.UsageFault_Handler  stm32f10x_it.o
    0x0800306c   0x0800306c   0x000000b0   Code   RO            9    i.Usart1_Init       main.o
    0x0800311c   0x0800311c   0x00000032   Code   RO           12    i.Usart_SendString  main.o
    0x0800314e   0x0800314e   0x0000000e   Code   RO         3306    i.__mathlib_dbl_overflow  m_ws.l(dunder.o)
    0x0800315c   0x0800315c   0x00000010   Code   RO         3308    i.__mathlib_dbl_underflow  m_ws.l(dunder.o)
    0x0800316c   0x0800316c   0x00000010   Code   RO         3170    i.__mathlib_narrow  m_ws.l(narrow.o)
    0x0800317c   0x0800317c   0x000000bc   Code   RO         3171    i.__mathlib_tofloat  m_ws.l(narrow.o)
    0x08003238   0x08003238   0x00000016   Code   RO         3278    i.__support_ldexp   m_ws.l(ldexp.o)
    0x0800324e   0x0800324e   0x0000000e   Code   RO         2957    i._is_digit         c_w.l(__printf_wp.o)
    0x0800325c   0x0800325c   0x00000058   Code   RO         3255    i.frexp             m_ws.l(frexp.o)
    0x080032b4   0x080032b4   0x00000108   Code   RO           13    i.handle_auto_mode  main.o
    0x080033bc   0x080033bc   0x00000074   Code   RO         3279    i.ldexp             m_ws.l(ldexp.o)
    0x08003430   0x08003430   0x00000046   Code   RO           14    i.main              main.o
    0x08003476   0x08003476   0x00000002   PAD
    0x08003478   0x08003478   0x0000002c   Code   RO         3156    locale$$code        c_w.l(lc_numeric_c.o)
    0x080034a4   0x080034a4   0x0000002c   Code   RO         3263    locale$$code        c_w.l(lc_ctype_c.o)
    0x080034d0   0x080034d0   0x00000062   Code   RO         3246    x$fpl$d2f           fz_ws.l(d2f.o)
    0x08003532   0x08003532   0x00000002   PAD
    0x08003534   0x08003534   0x00000010   Code   RO         3300    x$fpl$dcheck1       fz_ws.l(dcheck1.o)
    0x08003544   0x08003544   0x00000018   Code   RO         3267    x$fpl$dcmpinf       fz_ws.l(dcmpi.o)
    0x0800355c   0x0800355c   0x00000078   Code   RO         3248    x$fpl$deqf          fz_ws.l(deqf.o)
    0x080035d4   0x080035d4   0x00000078   Code   RO         3269    x$fpl$dleqf         fz_ws.l(dleqf.o)
    0x0800364c   0x0800364c   0x0000009c   Code   RO         3271    x$fpl$dnaninf       fz_ws.l(dnaninf.o)
    0x080036e8   0x080036e8   0x0000006c   Code   RO         3250    x$fpl$drleqf        fz_ws.l(drleqf.o)
    0x08003754   0x08003754   0x000000c4   Code   RO         2981    x$fpl$fadd          fz_ws.l(faddsub_clz.o)
    0x08003818   0x08003818   0x00000036   Code   RO         2987    x$fpl$ffix          fz_ws.l(ffix.o)
    0x0800384e   0x0800384e   0x00000002   PAD
    0x08003850   0x08003850   0x00000030   Code   RO         2992    x$fpl$fflt          fz_ws.l(fflt_clz.o)
    0x08003880   0x08003880   0x00000102   Code   RO         2997    x$fpl$fmul          fz_ws.l(fmul.o)
    0x08003982   0x08003982   0x0000008c   Code   RO         3082    x$fpl$fnaninf       fz_ws.l(fnaninf.o)
    0x08003a0e   0x08003a0e   0x0000000a   Code   RO         3084    x$fpl$fretinf       fz_ws.l(fretinf.o)
    0x08003a18   0x08003a18   0x00000014   Code   RO         2982    x$fpl$frsb          fz_ws.l(faddsub_clz.o)
    0x08003a2c   0x08003a2c   0x000000ea   Code   RO         2983    x$fpl$fsub          fz_ws.l(faddsub_clz.o)
    0x08003b16   0x08003b16   0x00000006   Code   RO         3162    x$fpl$ieeestatus    fz_ws.l(istatus.o)
    0x08003b1c   0x08003b1c   0x00000064   Code   RO         3342    x$fpl$retnan        fz_ws.l(retnan.o)
    0x08003b80   0x08003b80   0x0000005c   Code   RO         3275    x$fpl$scalbn        fz_ws.l(scalbn.o)
    0x08003bdc   0x08003bdc   0x00000004   Code   RO         2999    x$fpl$scanf1        fz_ws.l(scanf1.o)
    0x08003be0   0x08003be0   0x00000008   Code   RO         3164    x$fpl$scanf2        fz_ws.l(scanf2.o)
    0x08003be8   0x08003be8   0x00000030   Code   RO         3371    x$fpl$trapveneer    fz_ws.l(trapv.o)
    0x08003c18   0x08003c18   0x00000000   Code   RO         3088    x$fpl$usenofp       fz_ws.l(usenofp.o)
    0x08003c18   0x08003c18   0x00000ab8   Data   RO          410    .constdata          oled.o
    0x080046d0   0x080046d0   0x00000011   Data   RO         2965    .constdata          c_w.l(__printf_flags_ss_wp.o)
    0x080046e1   0x080046e1   0x00000003   PAD
    0x080046e4   0x080046e4   0x00000094   Data   RO         3129    .constdata          c_w.l(bigflt0.o)
    0x08004778   0x08004778   0x00000020   Data   RO         3397    Region$$Table       anon$$obj.o
    0x08004798   0x08004798   0x00000008   Data   RO         3158    c$$dinf             fz_ws.l(fpconst.o)
    0x080047a0   0x080047a0   0x00000008   Data   RO         3161    c$$dmax             fz_ws.l(fpconst.o)
    0x080047a8   0x080047a8   0x0000001c   Data   RO         3155    locale$$data        c_w.l(lc_numeric_c.o)
    0x080047c4   0x080047c4   0x00000110   Data   RO         3262    locale$$data        c_w.l(lc_ctype_c.o)


    Execution Region RW_IRAM1 (Exec base: 0x20000000, Load base: 0x080048d4, Size: 0x000008f8, Max: 0x00005000, ABSOLUTE)

    Exec Addr    Load Addr    Size         Type   Attr      Idx    E Section Name        Object

    0x20000000   0x080048d4   0x0000004c   Data   RW           16    .data               main.o
    0x2000004c   0x08004920   0x00000014   Data   RW          308    .data               system_stm32f10x.o
    0x20000060   0x08004934   0x00000004   Data   RW          504    .data               delay.o
    0x20000064   0x08004938   0x00000014   Data   RW         1409    .data               stm32f10x_rcc.o
    0x20000078        -       0x00000220   Zero   RW           15    .bss                main.o
    0x20000298        -       0x00000060   Zero   RW         3177    .bss                c_w.l(libspace.o)
    0x200002f8        -       0x00000200   Zero   RW          567    HEAP                startup_stm32f10x_md.o
    0x200004f8        -       0x00000400   Zero   RW          566    STACK               startup_stm32f10x_md.o


==============================================================================

Image component sizes


      Code (inc. data)   RO Data    RW Data    ZI Data      Debug   Object Name

       144         22          0          4          0       1068   delay.o
       244         40          0          0          0       3254   gpio.o
      1836        446          0         76        544     257545   main.o
       172         22          0          0          0       1885   misc.o
       994         46       2744          0          0       7013   oled.o
        64         26        236          0       1536        760   startup_stm32f10x_md.o
       304          0          0          0          0       3444   stm32f10x_gpio.o
        26          0          0          0          0       3330   stm32f10x_it.o
       276         32          0         20          0       4226   stm32f10x_rcc.o
       246         42          0          0          0       3290   stm32f10x_tim.o
       450          6          0          0          0       5835   stm32f10x_usart.o
         0          0          0          0          0         32   sys.o
       328         28          0         20          0       1873   system_stm32f10x.o
       136         14          0          0          0       1038   timer.o

    ----------------------------------------------------------------------
      5238        724       3012        120       2080     294593   Object Totals
         0          0         32          0          0          0   (incl. Generated)
        18          0          0          0          0          0   (incl. Padding)

    ----------------------------------------------------------------------

      Code (inc. data)   RO Data    RW Data    ZI Data      Debug   Library Member Name

        60          8          0          0          0         84   __0sscanf.o
        44          6          0          0          0         84   __2sprintf.o
         8          0          0          0          0         68   __main.o
       392          4         17          0          0         92   __printf_flags_ss_wp.o
        14          0          0          0          0         68   __printf_wp.o
         0          0          0          0          0          0   __rtentry.o
        12          0          0          0          0          0   __rtentry2.o
         6          0          0          0          0          0   __rtentry4.o
        52          8          0          0          0          0   __scatter.o
        26          0          0          0          0          0   __scatter_copy.o
        28          0          0          0          0          0   __scatter_zi.o
        28          0          0          0          0         68   _chval.o
        48          6          0          0          0         96   _printf_char_common.o
         6          0          0          0          0          0   _printf_d.o
       120         16          0          0          0         92   _printf_dec.o
       178          0          0          0          0         88   _printf_intcommon.o
         0          0          0          0          0          0   _printf_percent.o
         4          0          0          0          0          0   _printf_percent_end.o
        22          0          0          0          0        100   _rserrno.o
       884          6          0          0          0        100   _scanf.o
       332          0          0          0          0         96   _scanf_int.o
        64          0          0          0          0         84   _sgetc.o
        10          0          0          0          0         68   _sputc.o
       228          4        148          0          0         96   bigflt0.o
      1924        136          0          0          0        756   btod.o
        18          0          0          0          0         80   exit.o
         6          0          0          0          0        152   heapauxi.o
         0          0          0          0          0          0   indicate_semi.o
        18          0          0          0          0         76   isspace.o
        44         10        272          0          0         76   lc_ctype_c.o
        44         10         28          0          0         76   lc_numeric_c.o
         2          0          0          0          0          0   libinit.o
        30          0          0          0          0          0   libinit2.o
         2          0          0          0          0          0   libshutdown.o
         2          0          0          0          0          0   libshutdown2.o
         8          4          0          0         96         68   libspace.o
        38          0          0          0          0         68   llshl.o
        16          4          0          0          0         76   rt_ctype_table.o
         8          4          0          0          0         68   rt_errno_addr_intlibspace.o
         8          4          0          0          0         68   rt_locale_intlibspace.o
        68          0          0          0          0         68   rt_memclr.o
        78          0          0          0          0         80   rt_memclr_w.o
         2          0          0          0          0          0   rtexit.o
        10          0          0          0          0          0   rtexit2.o
        44          8          0          0          0         84   scanf_char.o
      1272         16          0          0          0        168   scanf_fp.o
       800         14          0          0          0        100   scanf_hexfp.o
       308         16          0          0          0        100   scanf_infnan.o
       128          0          0          0          0         68   strcmpv7m.o
        36          0          0          0          0         80   strstr.o
        12          4          0          0          0         68   sys_exit.o
        74          0          0          0          0         80   sys_stackheap_outer.o
         2          0          0          0          0         68   use_no_semi.o
        98          4          0          0          0         92   d2f.o
        16          4          0          0          0         68   dcheck1.o
        24          0          0          0          0         68   dcmpi.o
       120          4          0          0          0         92   deqf.o
       120          4          0          0          0         92   dleqf.o
       156          4          0          0          0         92   dnaninf.o
       108          0          0          0          0         80   drleqf.o
       450          8          0          0          0        236   faddsub_clz.o
        54          4          0          0          0         84   ffix.o
        48          0          0          0          0         68   fflt_clz.o
       258          4          0          0          0         84   fmul.o
       140          4          0          0          0         84   fnaninf.o
         0          0         16          0          0          0   fpconst.o
        10          0          0          0          0         68   fretinf.o
         6          0          0          0          0         68   istatus.o
       100          0          0          0          0         68   retnan.o
        92          0          0          0          0         68   scalbn.o
         4          0          0          0          0         68   scanf1.o
         8          0          0          0          0         84   scanf2.o
        48          0          0          0          0         68   trapv.o
         0          0          0          0          0          0   usenofp.o
        30          6          0          0          0        136   dunder.o
        88          8          0          0          0         76   frexp.o
       138          0          0          0          0        160   ldexp.o
       204          4          0          0          0        168   narrow.o

    ----------------------------------------------------------------------
      9910        348        484          0         96       5984   Library Totals
        22          2          3          0          0          0   (incl. Padding)

    ----------------------------------------------------------------------

      Code (inc. data)   RO Data    RW Data    ZI Data      Debug   Library Name

      7568        288        465          0         96       3812   c_w.l
      1860         40         16          0          0       1632   fz_ws.l
       460         18          0          0          0        540   m_ws.l

    ----------------------------------------------------------------------
      9910        348        484          0         96       5984   Library Totals

    ----------------------------------------------------------------------

==============================================================================


      Code (inc. data)   RO Data    RW Data    ZI Data      Debug   

     15148       1072       3496        120       2176     293761   Grand Totals
     15148       1072       3496        120       2176     293761   ELF Image Totals
     15148       1072       3496        120          0          0   ROM Totals

==============================================================================

    Total RO  Size (Code + RO Data)                18644 (  18.21kB)
    Total RW  Size (RW Data + ZI Data)              2296 (   2.24kB)
    Total ROM Size (Code + RO Data + RW Data)      18764 (  18.32kB)

==============================================================================

